<!doctype html public "-//w3c//dtd html 4.0 transitional//en">
<html><head>
<title>Static Call Graph - [.\Objects\nrf52840_qiaa.axf]</title></head>
<body><HR>
<H1>Static Call Graph for image .\Objects\nrf52840_qiaa.axf</H1><HR>
<BR><P>#&#060CALLGRAPH&#062# ARM Linker, 5060960: Last Updated: Mon Apr 18 12:14:04 2022
<BR><P>
<H3>Maximum Stack Usage =       1032 bytes + Unknown(Cycles, Untraceable Function Pointers)</H3><H3>
Call chain for Maximum Stack Depth:</H3>
aif_headset_interface_process &rArr; cwm_headset_interface &rArr; ActivateHeadOrien &rArr; cwm_headset_orien &rArr; cwm_sensor_fusion &rArr; fusionMag &rArr; ToEstimate &rArr; QuaternionEstimator &rArr; algo_log &rArr; vsnprintf
<P>
<H3>
Mutually Recursive functions
</H3> <LI><a href="#[3]">NMI_Handler</a>&nbsp;&nbsp;&nbsp;&rArr;&nbsp;&nbsp;&nbsp;<a href="#[3]">NMI_Handler</a><BR>
 <LI><a href="#[4]">HardFault_Handler</a>&nbsp;&nbsp;&nbsp;&rArr;&nbsp;&nbsp;&nbsp;<a href="#[4]">HardFault_Handler</a><BR>
 <LI><a href="#[5]">MemoryManagement_Handler</a>&nbsp;&nbsp;&nbsp;&rArr;&nbsp;&nbsp;&nbsp;<a href="#[5]">MemoryManagement_Handler</a><BR>
 <LI><a href="#[6]">BusFault_Handler</a>&nbsp;&nbsp;&nbsp;&rArr;&nbsp;&nbsp;&nbsp;<a href="#[6]">BusFault_Handler</a><BR>
 <LI><a href="#[7]">UsageFault_Handler</a>&nbsp;&nbsp;&nbsp;&rArr;&nbsp;&nbsp;&nbsp;<a href="#[7]">UsageFault_Handler</a><BR>
 <LI><a href="#[8]">SVC_Handler</a>&nbsp;&nbsp;&nbsp;&rArr;&nbsp;&nbsp;&nbsp;<a href="#[8]">SVC_Handler</a><BR>
 <LI><a href="#[9]">DebugMon_Handler</a>&nbsp;&nbsp;&nbsp;&rArr;&nbsp;&nbsp;&nbsp;<a href="#[9]">DebugMon_Handler</a><BR>
 <LI><a href="#[a]">PendSV_Handler</a>&nbsp;&nbsp;&nbsp;&rArr;&nbsp;&nbsp;&nbsp;<a href="#[a]">PendSV_Handler</a><BR>
 <LI><a href="#[b]">SysTick_Handler</a>&nbsp;&nbsp;&nbsp;&rArr;&nbsp;&nbsp;&nbsp;<a href="#[b]">SysTick_Handler</a><BR>
 <LI><a href="#[1b]">CCM_AAR_IRQHandler</a>&nbsp;&nbsp;&nbsp;&rArr;&nbsp;&nbsp;&nbsp;<a href="#[1b]">CCM_AAR_IRQHandler</a><BR>
 <LI><a href="#[13b]">__embedded_string</a>&nbsp;&nbsp;&nbsp;&rArr;&nbsp;&nbsp;&nbsp;<a href="#[13b]">__embedded_string</a><BR>
 <LI><a href="#[151]">cwm_quick_sort</a>&nbsp;&nbsp;&nbsp;&rArr;&nbsp;&nbsp;&nbsp;<a href="#[151]">cwm_quick_sort</a><BR>
 <LI><a href="#[1bf]">__embedded_string</a>&nbsp;&nbsp;&nbsp;&rArr;&nbsp;&nbsp;&nbsp;<a href="#[1bf]">__embedded_string</a><BR>
 <LI><a href="#[1f5]">nrf_log_frontend_dequeue</a>&nbsp;&nbsp;&nbsp;&rArr;&nbsp;&nbsp;&nbsp;<a href="#[1f6]">nrf_log_frontend_std_0</a><BR>
 <LI><a href="#[28e]">buffer_add</a>&nbsp;&nbsp;&nbsp;&rArr;&nbsp;&nbsp;&nbsp;<a href="#[28e]">buffer_add</a><BR>
 <LI><a href="#[1be]">__embedded_string</a>&nbsp;&nbsp;&nbsp;&rArr;&nbsp;&nbsp;&nbsp;<a href="#[1be]">__embedded_string</a><BR>
 <LI><a href="#[368]">write_mclk_reg</a>&nbsp;&nbsp;&nbsp;&rArr;&nbsp;&nbsp;&nbsp;<a href="#[35b]">inv_imu_switch_on_mclk</a><BR>
 <LI><a href="#[35c]">inv_imu_switch_off_mclk</a>&nbsp;&nbsp;&nbsp;&rArr;&nbsp;&nbsp;&nbsp;<a href="#[34d]">inv_imu_write_reg</a><BR>
 <LI><a href="#[35b]">inv_imu_switch_on_mclk</a>&nbsp;&nbsp;&nbsp;&rArr;&nbsp;&nbsp;&nbsp;<a href="#[34c]">inv_imu_read_reg</a><BR>
</UL>
<P>
<H3>
Function Pointers
</H3><UL>
 <LI><a href="#[6]">BusFault_Handler</a> from arm_startup_nrf52840.o(.text) referenced from arm_startup_nrf52840.o(RESET)
 <LI><a href="#[1b]">CCM_AAR_IRQHandler</a> from arm_startup_nrf52840.o(.text) referenced from arm_startup_nrf52840.o(RESET)
 <LI><a href="#[1f]">COMP_LPCOMP_IRQHandler</a> from arm_startup_nrf52840.o(.text) referenced from arm_startup_nrf52840.o(RESET)
 <LI><a href="#[34]">CRYPTOCELL_IRQHandler</a> from arm_startup_nrf52840.o(.text) referenced from arm_startup_nrf52840.o(RESET)
 <LI><a href="#[84]">CWM_AP_SensorListen</a> from main.o(i.CWM_AP_SensorListen) referenced from main.o(i.main)
 <LI><a href="#[8e]">CWM_OS_GetTimeNs</a> from board_nordic.o(i.CWM_OS_GetTimeNs) referenced from main.o(.constdata)
 <LI><a href="#[8d]">CWM_OS_dbgOutput</a> from board_nordic.o(i.CWM_OS_dbgOutput) referenced from main.o(.constdata)
 <LI><a href="#[90]">CWM_OS_i2cRead</a> from board_nordic.o(i.CWM_OS_i2cRead) referenced from main.o(.constdata)
 <LI><a href="#[91]">CWM_OS_i2cWrite</a> from board_nordic.o(i.CWM_OS_i2cWrite) referenced from main.o(.constdata)
 <LI><a href="#[8f]">CWM_OS_uSleep</a> from board_nordic.o(i.CWM_OS_uSleep) referenced from main.o(.constdata)
 <LI><a href="#[9]">DebugMon_Handler</a> from arm_startup_nrf52840.o(.text) referenced from arm_startup_nrf52840.o(RESET)
 <LI><a href="#[ad]">DmlDrv_Register_bosch_bmi160</a> from dml_drv_bosch_bmi160.o(i.DmlDrv_Register_bosch_bmi160) referenced from dml_drv_all_entry_list.o(.constdata)
 <LI><a href="#[ae]">DmlDrv_Register_bosch_bmi270</a> from dml_drv_bosch_bmi270.o(i.DmlDrv_Register_bosch_bmi270) referenced from dml_drv_all_entry_list.o(.constdata)
 <LI><a href="#[af]">DmlDrv_Register_bosch_bmm150</a> from dml_drv_bosch_bmm150.o(i.DmlDrv_Register_bosch_bmm150) referenced from dml_drv_all_entry_list.o(.constdata)
 <LI><a href="#[b2]">DmlDrv_Register_st_lsm6dsl</a> from dml_drv_st_lsm6dsl.o(i.DmlDrv_Register_st_lsm6dsl) referenced from dml_drv_all_entry_list.o(.constdata)
 <LI><a href="#[b1]">DmlDrv_Register_st_lsm6dsox</a> from dml_drv_st_lsm6dsox.o(i.DmlDrv_Register_st_lsm6dsox) referenced from dml_drv_all_entry_list.o(.constdata)
 <LI><a href="#[b0]">DmlDrv_Register_tdk_icm42607c</a> from dml_drv_tdk_icm42607c.o(i.DmlDrv_Register_tdk_icm42607c) referenced from dml_drv_all_entry_list.o(.constdata)
 <LI><a href="#[44]">DmlDrv_UnRegister</a> from dml_drv_bosch_bmi160.o(i.DmlDrv_UnRegister) referenced from dml_drv_bosch_bmi160.o(i.DmlDrv_Register_bosch_bmi160)
 <LI><a href="#[4b]">DmlDrv_UnRegister</a> from dml_drv_bosch_bmi270.o(i.DmlDrv_UnRegister) referenced from dml_drv_bosch_bmi270.o(i.DmlDrv_Register_bosch_bmi270)
 <LI><a href="#[52]">DmlDrv_UnRegister</a> from dml_drv_bosch_bmm150.o(i.DmlDrv_UnRegister) referenced from dml_drv_bosch_bmm150.o(i.DmlDrv_Register_bosch_bmm150)
 <LI><a href="#[59]">DmlDrv_UnRegister</a> from dml_drv_st_lsm6dsl.o(i.DmlDrv_UnRegister) referenced from dml_drv_st_lsm6dsl.o(i.DmlDrv_Register_st_lsm6dsl)
 <LI><a href="#[60]">DmlDrv_UnRegister</a> from dml_drv_st_lsm6dsox.o(i.DmlDrv_UnRegister) referenced from dml_drv_st_lsm6dsox.o(i.DmlDrv_Register_st_lsm6dsox)
 <LI><a href="#[67]">DmlDrv_UnRegister</a> from dml_drv_tdk_icm42607c.o(i.DmlDrv_UnRegister) referenced from dml_drv_tdk_icm42607c.o(i.DmlDrv_Register_tdk_icm42607c)
 <LI><a href="#[1a]">ECB_IRQHandler</a> from arm_startup_nrf52840.o(.text) referenced from arm_startup_nrf52840.o(RESET)
 <LI><a href="#[30]">FPU_IRQHandler</a> from arm_startup_nrf52840.o(.text) referenced from arm_startup_nrf52840.o(RESET)
 <LI><a href="#[12]">GPIOTE_IRQHandler</a> from nrfx_gpiote.o(i.GPIOTE_IRQHandler) referenced from arm_startup_nrf52840.o(RESET)
 <LI><a href="#[4]">HardFault_Handler</a> from arm_startup_nrf52840.o(.text) referenced from arm_startup_nrf52840.o(RESET)
 <LI><a href="#[2f]">I2S_IRQHandler</a> from arm_startup_nrf52840.o(.text) referenced from arm_startup_nrf52840.o(RESET)
 <LI><a href="#[3c]">LogMaskInit</a> from sal_adv_apis.o(i.LogMaskInit) referenced from sal_adv_apis.o(i.CWM_LibPostInit)
 <LI><a href="#[3d]">LogMaskInit</a> from common_prepare.o(i.LogMaskInit) referenced from common_prepare.o(i.CWM_LibPostInit_common)
 <LI><a href="#[2a]">MWU_IRQHandler</a> from arm_startup_nrf52840.o(.text) referenced from arm_startup_nrf52840.o(RESET)
 <LI><a href="#[5]">MemoryManagement_Handler</a> from arm_startup_nrf52840.o(.text) referenced from arm_startup_nrf52840.o(RESET)
 <LI><a href="#[11]">NFCT_IRQHandler</a> from arm_startup_nrf52840.o(.text) referenced from arm_startup_nrf52840.o(RESET)
 <LI><a href="#[3]">NMI_Handler</a> from arm_startup_nrf52840.o(.text) referenced from arm_startup_nrf52840.o(RESET)
 <LI><a href="#[29]">PDM_IRQHandler</a> from arm_startup_nrf52840.o(.text) referenced from arm_startup_nrf52840.o(RESET)
 <LI><a href="#[c]">POWER_CLOCK_IRQHandler</a> from nrfx_clock.o(i.POWER_CLOCK_IRQHandler) referenced from arm_startup_nrf52840.o(RESET)
 <LI><a href="#[28]">PWM0_IRQHandler</a> from arm_startup_nrf52840.o(.text) referenced from arm_startup_nrf52840.o(RESET)
 <LI><a href="#[2b]">PWM1_IRQHandler</a> from arm_startup_nrf52840.o(.text) referenced from arm_startup_nrf52840.o(RESET)
 <LI><a href="#[2c]">PWM2_IRQHandler</a> from arm_startup_nrf52840.o(.text) referenced from arm_startup_nrf52840.o(RESET)
 <LI><a href="#[35]">PWM3_IRQHandler</a> from arm_startup_nrf52840.o(.text) referenced from arm_startup_nrf52840.o(RESET)
 <LI><a href="#[a]">PendSV_Handler</a> from arm_startup_nrf52840.o(.text) referenced from arm_startup_nrf52840.o(RESET)
 <LI><a href="#[1e]">QDEC_IRQHandler</a> from arm_startup_nrf52840.o(.text) referenced from arm_startup_nrf52840.o(RESET)
 <LI><a href="#[33]">QSPI_IRQHandler</a> from arm_startup_nrf52840.o(.text) referenced from arm_startup_nrf52840.o(RESET)
 <LI><a href="#[d]">RADIO_IRQHandler</a> from arm_startup_nrf52840.o(.text) referenced from arm_startup_nrf52840.o(RESET)
 <LI><a href="#[19]">RNG_IRQHandler</a> from arm_startup_nrf52840.o(.text) referenced from arm_startup_nrf52840.o(RESET)
 <LI><a href="#[17]">RTC0_IRQHandler</a> from nrfx_rtc.o(i.RTC0_IRQHandler) referenced from arm_startup_nrf52840.o(RESET)
 <LI><a href="#[1d]">RTC1_IRQHandler</a> from app_timer.o(i.RTC1_IRQHandler) referenced from arm_startup_nrf52840.o(RESET)
 <LI><a href="#[2e]">RTC2_IRQHandler</a> from arm_startup_nrf52840.o(.text) referenced from arm_startup_nrf52840.o(RESET)
 <LI><a href="#[2]">Reset_Handler</a> from arm_startup_nrf52840.o(.text) referenced from arm_startup_nrf52840.o(RESET)
 <LI><a href="#[13]">SAADC_IRQHandler</a> from arm_startup_nrf52840.o(.text) referenced from arm_startup_nrf52840.o(RESET)
 <LI><a href="#[f]">SPIM0_SPIS0_TWIM0_TWIS0_SPI0_TWI0_IRQHandler</a> from nrfx_spim.o(i.SPIM0_SPIS0_TWIM0_TWIS0_SPI0_TWI0_IRQHandler) referenced from arm_startup_nrf52840.o(RESET)
 <LI><a href="#[10]">SPIM1_SPIS1_TWIM1_TWIS1_SPI1_TWI1_IRQHandler</a> from nrfx_twim.o(i.SPIM1_SPIS1_TWIM1_TWIS1_SPI1_TWI1_IRQHandler) referenced from nrfx_twim.o(.constdata)
 <LI><a href="#[10]">SPIM1_SPIS1_TWIM1_TWIS1_SPI1_TWI1_IRQHandler</a> from nrfx_twim.o(i.SPIM1_SPIS1_TWIM1_TWIS1_SPI1_TWI1_IRQHandler) referenced from arm_startup_nrf52840.o(RESET)
 <LI><a href="#[2d]">SPIM2_SPIS2_SPI2_IRQHandler</a> from arm_startup_nrf52840.o(.text) referenced from arm_startup_nrf52840.o(RESET)
 <LI><a href="#[36]">SPIM3_IRQHandler</a> from arm_startup_nrf52840.o(.text) referenced from arm_startup_nrf52840.o(RESET)
 <LI><a href="#[8]">SVC_Handler</a> from arm_startup_nrf52840.o(.text) referenced from arm_startup_nrf52840.o(RESET)
 <LI><a href="#[20]">SWI0_EGU0_IRQHandler</a> from app_timer.o(i.SWI0_EGU0_IRQHandler) referenced from arm_startup_nrf52840.o(RESET)
 <LI><a href="#[21]">SWI1_EGU1_IRQHandler</a> from arm_startup_nrf52840.o(.text) referenced from arm_startup_nrf52840.o(RESET)
 <LI><a href="#[22]">SWI2_EGU2_IRQHandler</a> from arm_startup_nrf52840.o(.text) referenced from arm_startup_nrf52840.o(RESET)
 <LI><a href="#[23]">SWI3_EGU3_IRQHandler</a> from arm_startup_nrf52840.o(.text) referenced from arm_startup_nrf52840.o(RESET)
 <LI><a href="#[24]">SWI4_EGU4_IRQHandler</a> from arm_startup_nrf52840.o(.text) referenced from arm_startup_nrf52840.o(RESET)
 <LI><a href="#[25]">SWI5_EGU5_IRQHandler</a> from arm_startup_nrf52840.o(.text) referenced from arm_startup_nrf52840.o(RESET)
 <LI><a href="#[3b]">SensorListen</a> from dml_core.o(i.SensorListen) referenced from dml_core.o(i.CWM_Dml_LibInit)
 <LI><a href="#[3a]">SettingControl</a> from dml_core.o(i.SettingControl) referenced from dml_core.o(i.CWM_Dml_LibInit)
 <LI><a href="#[b]">SysTick_Handler</a> from arm_startup_nrf52840.o(.text) referenced from arm_startup_nrf52840.o(RESET)
 <LI><a href="#[38]">SystemInit</a> from system_nrf52840.o(i.SystemInit) referenced from arm_startup_nrf52840.o(.text)
 <LI><a href="#[18]">TEMP_IRQHandler</a> from arm_startup_nrf52840.o(.text) referenced from arm_startup_nrf52840.o(RESET)
 <LI><a href="#[14]">TIMER0_IRQHandler</a> from nrfx_timer.o(i.TIMER0_IRQHandler) referenced from arm_startup_nrf52840.o(RESET)
 <LI><a href="#[15]">TIMER1_IRQHandler</a> from arm_startup_nrf52840.o(.text) referenced from arm_startup_nrf52840.o(RESET)
 <LI><a href="#[16]">TIMER2_IRQHandler</a> from arm_startup_nrf52840.o(.text) referenced from arm_startup_nrf52840.o(RESET)
 <LI><a href="#[26]">TIMER3_IRQHandler</a> from arm_startup_nrf52840.o(.text) referenced from arm_startup_nrf52840.o(RESET)
 <LI><a href="#[27]">TIMER4_IRQHandler</a> from arm_startup_nrf52840.o(.text) referenced from arm_startup_nrf52840.o(RESET)
 <LI><a href="#[e]">UARTE0_UART0_IRQHandler</a> from nrfx_prs.o(i.UARTE0_UART0_IRQHandler) referenced from arm_startup_nrf52840.o(RESET)
 <LI><a href="#[32]">UARTE1_IRQHandler</a> from arm_startup_nrf52840.o(.text) referenced from arm_startup_nrf52840.o(RESET)
 <LI><a href="#[31]">USBD_IRQHandler</a> from arm_startup_nrf52840.o(.text) referenced from arm_startup_nrf52840.o(RESET)
 <LI><a href="#[7]">UsageFault_Handler</a> from arm_startup_nrf52840.o(.text) referenced from arm_startup_nrf52840.o(RESET)
 <LI><a href="#[1c]">WDT_IRQHandler</a> from arm_startup_nrf52840.o(.text) referenced from arm_startup_nrf52840.o(RESET)
 <LI><a href="#[39]">__main</a> from entry.o(.ARM.Collect$$$$00000000) referenced from arm_startup_nrf52840.o(.text)
 <LI><a href="#[6f]">_snputc</a> from printfa.o(i._snputc) referenced from printfa.o(i.__0snprintf)
 <LI><a href="#[6f]">_snputc</a> from printfa.o(i._snputc) referenced from printfa.o(i.__0vsnprintf)
 <LI><a href="#[70]">_sputc</a> from printfa.o(i._sputc) referenced from printfa.o(i.__0sprintf)
 <LI><a href="#[42]">agLogout</a> from sal_adv_apis.o(i.agLogout) referenced from sal_adv_apis.o(i.CWM_SettingControl_common)
 <LI><a href="#[a9]">aif_absolute_static_init</a> from aif_absolute_static.o(i.aif_absolute_static_init) referenced from proj_prepare.o(.constdata)
 <LI><a href="#[ac]">aif_absolute_static_process</a> from aif_absolute_static.o(i.aif_absolute_static_process) referenced from proj_prepare.o(.constdata)
 <LI><a href="#[ab]">aif_absolute_static_sensorEnable</a> from aif_absolute_static.o(i.aif_absolute_static_sensorEnable) referenced from proj_prepare.o(.constdata)
 <LI><a href="#[aa]">aif_absolute_static_settingControl</a> from aif_absolute_static.o(i.aif_absolute_static_settingControl) referenced from proj_prepare.o(.constdata)
 <LI><a href="#[a1]">aif_headset_interface_init</a> from aif_headset_interface.o(i.aif_headset_interface_init) referenced from proj_prepare.o(.constdata)
 <LI><a href="#[a4]">aif_headset_interface_process</a> from aif_headset_interface.o(i.aif_headset_interface_process) referenced from proj_prepare.o(.constdata)
 <LI><a href="#[a3]">aif_headset_interface_sensorEnable</a> from aif_headset_interface.o(i.aif_headset_interface_sensorEnable) referenced from proj_prepare.o(.constdata)
 <LI><a href="#[a2]">aif_headset_interface_settingControl</a> from aif_headset_interface.o(i.aif_headset_interface_settingControl) referenced from proj_prepare.o(.constdata)
 <LI><a href="#[a5]">aif_single_phase_validation_init</a> from aif_single_phase_validation.o(i.aif_single_phase_validation_init) referenced from proj_prepare.o(.constdata)
 <LI><a href="#[a8]">aif_single_phase_validation_process</a> from aif_single_phase_validation.o(i.aif_single_phase_validation_process) referenced from proj_prepare.o(.constdata)
 <LI><a href="#[a7]">aif_single_phase_validation_sensorEnable</a> from aif_single_phase_validation.o(i.aif_single_phase_validation_sensorEnable) referenced from proj_prepare.o(.constdata)
 <LI><a href="#[a6]">aif_single_phase_validation_settingControl</a> from aif_single_phase_validation.o(i.aif_single_phase_validation_settingControl) referenced from proj_prepare.o(.constdata)
 <LI><a href="#[99]">ap3__check_mcu</a> from chip_manager.o(i.ap3__check_mcu) referenced from chip_manager.o(.constdata)
 <LI><a href="#[98]">ap3__deinit_info0</a> from chip_manager.o(i.ap3__deinit_info0) referenced from chip_manager.o(.constdata)
 <LI><a href="#[9a]">ap3__get_uid</a> from chip_manager.o(i.ap3__get_uid) referenced from chip_manager.o(.constdata)
 <LI><a href="#[97]">ap3__init_info0</a> from chip_manager.o(i.ap3__init_info0) referenced from chip_manager.o(.constdata)
 <LI><a href="#[9b]">be1__check_mcu</a> from chip_manager.o(i.be1__check_mcu) referenced from chip_manager.o(.constdata)
 <LI><a href="#[9c]">be1__get_uid</a> from chip_manager.o(i.be1__get_uid) referenced from chip_manager.o(.constdata)
 <LI><a href="#[9d]">be2__check_mcu</a> from chip_manager.o(i.be2__check_mcu) referenced from chip_manager.o(.constdata)
 <LI><a href="#[9e]">be2__get_uid</a> from chip_manager.o(i.be2__get_uid) referenced from chip_manager.o(.constdata)
 <LI><a href="#[85]">clock_irq_handler</a> from nrf_drv_clock.o(i.clock_irq_handler) referenced from nrf_drv_clock.o(i.nrf_drv_clock_init)
 <LI><a href="#[76]">delay_ms</a> from dml_drv_bosch_bmi160.o(i.delay_ms) referenced from dml_drv_bosch_bmi160.o(i.hw_init)
 <LI><a href="#[79]">delay_us</a> from dml_drv_bosch_bmi270.o(i.delay_us) referenced 2 times from dml_drv_bosch_bmi270.o(i.hw_init)
 <LI><a href="#[6e]">fputc</a> from retarget.o(i.fputc) referenced from printfa.o(i.__0printf)
 <LI><a href="#[1]">getChipManager2</a> from chip_manager.o(i.getChipManager2) referenced 2 times from chip_manager.o(.data)
 <LI><a href="#[3f]">getTimeNs_dt_sum</a> from sal_adv_apis.o(i.getTimeNs_dt_sum) referenced from sal_adv_apis.o(i.CWM_LibPreInit)
 <LI><a href="#[4a]">get_data</a> from dml_drv_bosch_bmi160.o(i.get_data) referenced from dml_drv_bosch_bmi160.o(i.DmlDrv_Register_bosch_bmi160)
 <LI><a href="#[51]">get_data</a> from dml_drv_bosch_bmi270.o(i.get_data) referenced from dml_drv_bosch_bmi270.o(i.DmlDrv_Register_bosch_bmi270)
 <LI><a href="#[58]">get_data</a> from dml_drv_bosch_bmm150.o(i.get_data) referenced from dml_drv_bosch_bmm150.o(i.DmlDrv_Register_bosch_bmm150)
 <LI><a href="#[5f]">get_data</a> from dml_drv_st_lsm6dsl.o(i.get_data) referenced from dml_drv_st_lsm6dsl.o(i.DmlDrv_Register_st_lsm6dsl)
 <LI><a href="#[66]">get_data</a> from dml_drv_st_lsm6dsox.o(i.get_data) referenced from dml_drv_st_lsm6dsox.o(i.DmlDrv_Register_st_lsm6dsox)
 <LI><a href="#[6d]">get_data</a> from dml_drv_tdk_icm42607c.o(i.get_data) referenced from dml_drv_tdk_icm42607c.o(i.DmlDrv_Register_tdk_icm42607c)
 <LI><a href="#[49]">hw_config</a> from dml_drv_bosch_bmi160.o(i.hw_config) referenced from dml_drv_bosch_bmi160.o(i.DmlDrv_Register_bosch_bmi160)
 <LI><a href="#[50]">hw_config</a> from dml_drv_bosch_bmi270.o(i.hw_config) referenced from dml_drv_bosch_bmi270.o(i.DmlDrv_Register_bosch_bmi270)
 <LI><a href="#[57]">hw_config</a> from dml_drv_bosch_bmm150.o(i.hw_config) referenced from dml_drv_bosch_bmm150.o(i.DmlDrv_Register_bosch_bmm150)
 <LI><a href="#[5e]">hw_config</a> from dml_drv_st_lsm6dsl.o(i.hw_config) referenced from dml_drv_st_lsm6dsl.o(i.DmlDrv_Register_st_lsm6dsl)
 <LI><a href="#[65]">hw_config</a> from dml_drv_st_lsm6dsox.o(i.hw_config) referenced from dml_drv_st_lsm6dsox.o(i.DmlDrv_Register_st_lsm6dsox)
 <LI><a href="#[6c]">hw_config</a> from dml_drv_tdk_icm42607c.o(i.hw_config) referenced from dml_drv_tdk_icm42607c.o(i.DmlDrv_Register_tdk_icm42607c)
 <LI><a href="#[46]">hw_deinit</a> from dml_drv_bosch_bmi160.o(i.hw_deinit) referenced from dml_drv_bosch_bmi160.o(i.DmlDrv_Register_bosch_bmi160)
 <LI><a href="#[4d]">hw_deinit</a> from dml_drv_bosch_bmi270.o(i.hw_deinit) referenced from dml_drv_bosch_bmi270.o(i.DmlDrv_Register_bosch_bmi270)
 <LI><a href="#[54]">hw_deinit</a> from dml_drv_bosch_bmm150.o(i.hw_deinit) referenced from dml_drv_bosch_bmm150.o(i.DmlDrv_Register_bosch_bmm150)
 <LI><a href="#[5b]">hw_deinit</a> from dml_drv_st_lsm6dsl.o(i.hw_deinit) referenced from dml_drv_st_lsm6dsl.o(i.DmlDrv_Register_st_lsm6dsl)
 <LI><a href="#[62]">hw_deinit</a> from dml_drv_st_lsm6dsox.o(i.hw_deinit) referenced from dml_drv_st_lsm6dsox.o(i.DmlDrv_Register_st_lsm6dsox)
 <LI><a href="#[69]">hw_deinit</a> from dml_drv_tdk_icm42607c.o(i.hw_deinit) referenced from dml_drv_tdk_icm42607c.o(i.DmlDrv_Register_tdk_icm42607c)
 <LI><a href="#[48]">hw_disable</a> from dml_drv_bosch_bmi160.o(i.hw_disable) referenced from dml_drv_bosch_bmi160.o(i.DmlDrv_Register_bosch_bmi160)
 <LI><a href="#[4f]">hw_disable</a> from dml_drv_bosch_bmi270.o(i.hw_disable) referenced from dml_drv_bosch_bmi270.o(i.DmlDrv_Register_bosch_bmi270)
 <LI><a href="#[56]">hw_disable</a> from dml_drv_bosch_bmm150.o(i.hw_disable) referenced from dml_drv_bosch_bmm150.o(i.DmlDrv_Register_bosch_bmm150)
 <LI><a href="#[5d]">hw_disable</a> from dml_drv_st_lsm6dsl.o(i.hw_disable) referenced from dml_drv_st_lsm6dsl.o(i.DmlDrv_Register_st_lsm6dsl)
 <LI><a href="#[64]">hw_disable</a> from dml_drv_st_lsm6dsox.o(i.hw_disable) referenced from dml_drv_st_lsm6dsox.o(i.DmlDrv_Register_st_lsm6dsox)
 <LI><a href="#[6b]">hw_disable</a> from dml_drv_tdk_icm42607c.o(i.hw_disable) referenced from dml_drv_tdk_icm42607c.o(i.DmlDrv_Register_tdk_icm42607c)
 <LI><a href="#[47]">hw_enable</a> from dml_drv_bosch_bmi160.o(i.hw_enable) referenced from dml_drv_bosch_bmi160.o(i.DmlDrv_Register_bosch_bmi160)
 <LI><a href="#[4e]">hw_enable</a> from dml_drv_bosch_bmi270.o(i.hw_enable) referenced from dml_drv_bosch_bmi270.o(i.DmlDrv_Register_bosch_bmi270)
 <LI><a href="#[55]">hw_enable</a> from dml_drv_bosch_bmm150.o(i.hw_enable) referenced from dml_drv_bosch_bmm150.o(i.DmlDrv_Register_bosch_bmm150)
 <LI><a href="#[5c]">hw_enable</a> from dml_drv_st_lsm6dsl.o(i.hw_enable) referenced from dml_drv_st_lsm6dsl.o(i.DmlDrv_Register_st_lsm6dsl)
 <LI><a href="#[63]">hw_enable</a> from dml_drv_st_lsm6dsox.o(i.hw_enable) referenced from dml_drv_st_lsm6dsox.o(i.DmlDrv_Register_st_lsm6dsox)
 <LI><a href="#[6a]">hw_enable</a> from dml_drv_tdk_icm42607c.o(i.hw_enable) referenced from dml_drv_tdk_icm42607c.o(i.DmlDrv_Register_tdk_icm42607c)
 <LI><a href="#[45]">hw_init</a> from dml_drv_bosch_bmi160.o(i.hw_init) referenced from dml_drv_bosch_bmi160.o(i.DmlDrv_Register_bosch_bmi160)
 <LI><a href="#[4c]">hw_init</a> from dml_drv_bosch_bmi270.o(i.hw_init) referenced from dml_drv_bosch_bmi270.o(i.DmlDrv_Register_bosch_bmi270)
 <LI><a href="#[53]">hw_init</a> from dml_drv_bosch_bmm150.o(i.hw_init) referenced from dml_drv_bosch_bmm150.o(i.DmlDrv_Register_bosch_bmm150)
 <LI><a href="#[5a]">hw_init</a> from dml_drv_st_lsm6dsl.o(i.hw_init) referenced from dml_drv_st_lsm6dsl.o(i.DmlDrv_Register_st_lsm6dsl)
 <LI><a href="#[61]">hw_init</a> from dml_drv_st_lsm6dsox.o(i.hw_init) referenced from dml_drv_st_lsm6dsox.o(i.DmlDrv_Register_st_lsm6dsox)
 <LI><a href="#[68]">hw_init</a> from dml_drv_tdk_icm42607c.o(i.hw_init) referenced from dml_drv_tdk_icm42607c.o(i.DmlDrv_Register_tdk_icm42607c)
 <LI><a href="#[74]">i2c_read</a> from dml_drv_bosch_bmi160.o(i.i2c_read) referenced 6 times from dml_drv_bosch_bmi160.o(i.hw_init)
 <LI><a href="#[75]">i2c_write</a> from dml_drv_bosch_bmi160.o(i.i2c_write) referenced 6 times from dml_drv_bosch_bmi160.o(i.hw_init)
 <LI><a href="#[72]">in_pin_handler</a> from board_nordic.o(i.in_pin_handler) referenced from board_nordic.o(i.gpio_init)
 <LI><a href="#[73]">inv_callback</a> from dml_drv_tdk_icm42607c.o(i.inv_callback) referenced from dml_drv_tdk_icm42607c.o(i.hw_enable)
 <LI><a href="#[73]">inv_callback</a> from dml_drv_tdk_icm42607c.o(i.inv_callback) referenced from dml_drv_tdk_icm42607c.o(i.hw_init)
 <LI><a href="#[40]">lib_malloc</a> from sal_adv_apis.o(i.lib_malloc) referenced from sal_adv_apis.o(i.CWM_LibPreInit)
 <LI><a href="#[37]">main</a> from main.o(i.main) referenced from entry9a.o(.ARM.Collect$$$$0000000B)
 <LI><a href="#[96]">nrf_log_backend_rtt_flush</a> from nrf_log_backend_rtt.o(i.nrf_log_backend_rtt_flush) referenced from nrf_log_backend_rtt.o(.constdata)
 <LI><a href="#[95]">nrf_log_backend_rtt_panic_set</a> from nrf_log_backend_rtt.o(i.nrf_log_backend_rtt_panic_set) referenced from nrf_log_backend_rtt.o(.constdata)
 <LI><a href="#[94]">nrf_log_backend_rtt_put</a> from nrf_log_backend_rtt.o(i.nrf_log_backend_rtt_put) referenced from nrf_log_backend_rtt.o(.constdata)
 <LI><a href="#[92]">nrfx_uart_0_irq_handler</a> from nrfx_uart.o(i.nrfx_uart_0_irq_handler) referenced from nrfx_uart.o(.constdata)
 <LI><a href="#[93]">nrfx_uarte_0_irq_handler</a> from nrfx_uarte.o(i.nrfx_uarte_0_irq_handler) referenced from nrfx_uarte.o(.constdata)
 <LI><a href="#[8b]">one_sec_timer_handle</a> from board_nordic.o(i.one_sec_timer_handle) referenced from board_nordic.o(i.timer_init)
 <LI><a href="#[43]">process_callback</a> from sal_adv_apis.o(i.process_callback) referenced from sal_adv_apis.o(i.CWM_process2)
 <LI><a href="#[9f]">rt1__check_mcu</a> from chip_manager.o(i.rt1__check_mcu) referenced from chip_manager.o(.constdata)
 <LI><a href="#[a0]">rt1__get_uid</a> from chip_manager.o(i.rt1__get_uid) referenced from chip_manager.o(.constdata)
 <LI><a href="#[8a]">rtc_handler</a> from board_nordic.o(i.rtc_handler) referenced from board_nordic.o(i.rtc_config)
 <LI><a href="#[3e]">sensCali_init_cbk</a> from sal_adv_apis.o(i.sensCali_init_cbk) referenced from sal_adv_apis.o(i.CWM_LibPostInit_common_adv)
 <LI><a href="#[41]">sensorEnable_callback</a> from sal_adv_apis.o(i.sensorEnable_callback) referenced from sal_adv_apis.o(i.CWM_Sensor_Disable)
 <LI><a href="#[41]">sensorEnable_callback</a> from sal_adv_apis.o(i.sensorEnable_callback) referenced from sal_adv_apis.o(i.CWM_Sensor_Enable)
 <LI><a href="#[89]">serial_tx</a> from nrf_log_backend_rtt.o(i.serial_tx) referenced from nrf_log_backend_rtt.o(i.nrf_log_backend_rtt_put)
 <LI><a href="#[83]">twi_handler</a> from board_nordic.o(i.twi_handler) referenced from board_nordic.o(i.i2c_init)
 <LI><a href="#[86]">twim_evt_handler</a> from nrf_drv_twi.o(i.twim_evt_handler) referenced from nrf_drv_twi.o(i.nrf_drv_twi_init)
 <LI><a href="#[8c]">uart_error_handle</a> from board_nordic.o(i.uart_error_handle) referenced from board_nordic.o(i.uart_init)
 <LI><a href="#[71]">uart_event_handler</a> from app_uart_fifo.o(i.uart_event_handler) referenced from app_uart_fifo.o(i.app_uart_init)
 <LI><a href="#[88]">uart_evt_handler</a> from nrf_drv_uart.o(i.uart_evt_handler) referenced from nrf_drv_uart.o(i.nrf_drv_uart_init)
 <LI><a href="#[87]">uarte_evt_handler</a> from nrf_drv_uart.o(i.uarte_evt_handler) referenced from nrf_drv_uart.o(i.nrf_drv_uart_init)
</UL>
<P>
<H3>
Global Symbols
</H3>
<P><STRONG><a name="[39]"></a>__main</STRONG> (Thumb, 0 bytes, Stack size unknown bytes, entry.o(.ARM.Collect$$$$00000000))
<BR>[Address Reference Count : 1]<UL><LI> arm_startup_nrf52840.o(.text)
</UL>
<P><STRONG><a name="[459]"></a>_main_stk</STRONG> (Thumb, 0 bytes, Stack size unknown bytes, entry2.o(.ARM.Collect$$$$00000001))

<P><STRONG><a name="[b3]"></a>_main_scatterload</STRONG> (Thumb, 0 bytes, Stack size unknown bytes, entry5.o(.ARM.Collect$$$$00000004))
<BR><BR>[Calls]<UL><LI><a href="#[b4]">&gt;&gt;</a>&nbsp;&nbsp;&nbsp;__scatterload
</UL>

<P><STRONG><a name="[ca]"></a>__main_after_scatterload</STRONG> (Thumb, 0 bytes, Stack size unknown bytes, entry5.o(.ARM.Collect$$$$00000004))
<BR><BR>[Called By]<UL><LI><a href="#[b4]">&gt;&gt;</a>&nbsp;&nbsp;&nbsp;__scatterload
</UL>

<P><STRONG><a name="[45a]"></a>_main_clock</STRONG> (Thumb, 0 bytes, Stack size unknown bytes, entry7b.o(.ARM.Collect$$$$00000008))

<P><STRONG><a name="[45b]"></a>_main_cpp_init</STRONG> (Thumb, 0 bytes, Stack size unknown bytes, entry8b.o(.ARM.Collect$$$$0000000A))

<P><STRONG><a name="[45c]"></a>_main_init</STRONG> (Thumb, 0 bytes, Stack size unknown bytes, entry9a.o(.ARM.Collect$$$$0000000B))

<P><STRONG><a name="[45d]"></a>__rt_lib_shutdown_fini</STRONG> (Thumb, 0 bytes, Stack size unknown bytes, entry12b.o(.ARM.Collect$$$$0000000E))

<P><STRONG><a name="[45e]"></a>__rt_final_cpp</STRONG> (Thumb, 0 bytes, Stack size unknown bytes, entry10a.o(.ARM.Collect$$$$0000000F))

<P><STRONG><a name="[45f]"></a>__rt_final_exit</STRONG> (Thumb, 0 bytes, Stack size unknown bytes, entry11a.o(.ARM.Collect$$$$00000011))

<P><STRONG><a name="[39d]"></a>__asm___12_nrf_atomic_c_85ca2469__nrf_atomic_internal_mov</STRONG> (Thumb, 24 bytes, Stack size 0 bytes, nrf_atomic.o(.emb_text))
<BR><BR>[Called By]<UL><LI><a href="#[2d6]">&gt;&gt;</a>&nbsp;&nbsp;&nbsp;nrf_atomic_u32_fetch_store
</UL>

<P><STRONG><a name="[39e]"></a>__asm___12_nrf_atomic_c_85ca2469__nrf_atomic_internal_orr</STRONG> (Thumb, 26 bytes, Stack size 0 bytes, nrf_atomic.o(.emb_text))
<BR><BR>[Called By]<UL><LI><a href="#[39a]">&gt;&gt;</a>&nbsp;&nbsp;&nbsp;nrf_atomic_u32_or
</UL>

<P><STRONG><a name="[39c]"></a>__asm___12_nrf_atomic_c_85ca2469__nrf_atomic_internal_and</STRONG> (Thumb, 26 bytes, Stack size 0 bytes, nrf_atomic.o(.emb_text))
<BR><BR>[Called By]<UL><LI><a href="#[399]">&gt;&gt;</a>&nbsp;&nbsp;&nbsp;nrf_atomic_u32_fetch_and
</UL>

<P><STRONG><a name="[460]"></a>__asm___12_nrf_atomic_c_85ca2469__nrf_atomic_internal_eor</STRONG> (Thumb, 26 bytes, Stack size 0 bytes, nrf_atomic.o(.emb_text), UNUSED)

<P><STRONG><a name="[39b]"></a>__asm___12_nrf_atomic_c_85ca2469__nrf_atomic_internal_add</STRONG> (Thumb, 26 bytes, Stack size 0 bytes, nrf_atomic.o(.emb_text))
<BR><BR>[Called By]<UL><LI><a href="#[28c]">&gt;&gt;</a>&nbsp;&nbsp;&nbsp;nrf_atomic_u32_add
</UL>

<P><STRONG><a name="[3a0]"></a>__asm___12_nrf_atomic_c_85ca2469__nrf_atomic_internal_sub</STRONG> (Thumb, 26 bytes, Stack size 0 bytes, nrf_atomic.o(.emb_text))
<BR><BR>[Called By]<UL><LI><a href="#[39f]">&gt;&gt;</a>&nbsp;&nbsp;&nbsp;nrf_atomic_u32_sub
</UL>

<P><STRONG><a name="[461]"></a>__asm___12_nrf_atomic_c_85ca2469__nrf_atomic_internal_cmp_exch</STRONG> (Thumb, 42 bytes, Stack size 0 bytes, nrf_atomic.o(.emb_text), UNUSED)

<P><STRONG><a name="[462]"></a>__asm___12_nrf_atomic_c_85ca2469__nrf_atomic_internal_sub_hs</STRONG> (Thumb, 30 bytes, Stack size 0 bytes, nrf_atomic.o(.emb_text), UNUSED)

<P><STRONG><a name="[2]"></a>Reset_Handler</STRONG> (Thumb, 8 bytes, Stack size 0 bytes, arm_startup_nrf52840.o(.text))
<BR>[Address Reference Count : 1]<UL><LI> arm_startup_nrf52840.o(RESET)
</UL>
<P><STRONG><a name="[3]"></a>NMI_Handler</STRONG> (Thumb, 2 bytes, Stack size 0 bytes, arm_startup_nrf52840.o(.text))
<BR><BR>[Calls]<UL><LI><a href="#[3]">&gt;&gt;</a>&nbsp;&nbsp;&nbsp;NMI_Handler
</UL>
<BR>[Called By]<UL><LI><a href="#[3]">&gt;&gt;</a>&nbsp;&nbsp;&nbsp;NMI_Handler
</UL>
<BR>[Address Reference Count : 1]<UL><LI> arm_startup_nrf52840.o(RESET)
</UL>
<P><STRONG><a name="[4]"></a>HardFault_Handler</STRONG> (Thumb, 2 bytes, Stack size 0 bytes, arm_startup_nrf52840.o(.text))
<BR><BR>[Calls]<UL><LI><a href="#[4]">&gt;&gt;</a>&nbsp;&nbsp;&nbsp;HardFault_Handler
</UL>
<BR>[Called By]<UL><LI><a href="#[4]">&gt;&gt;</a>&nbsp;&nbsp;&nbsp;HardFault_Handler
</UL>
<BR>[Address Reference Count : 1]<UL><LI> arm_startup_nrf52840.o(RESET)
</UL>
<P><STRONG><a name="[5]"></a>MemoryManagement_Handler</STRONG> (Thumb, 2 bytes, Stack size 0 bytes, arm_startup_nrf52840.o(.text))
<BR><BR>[Calls]<UL><LI><a href="#[5]">&gt;&gt;</a>&nbsp;&nbsp;&nbsp;MemoryManagement_Handler
</UL>
<BR>[Called By]<UL><LI><a href="#[5]">&gt;&gt;</a>&nbsp;&nbsp;&nbsp;MemoryManagement_Handler
</UL>
<BR>[Address Reference Count : 1]<UL><LI> arm_startup_nrf52840.o(RESET)
</UL>
<P><STRONG><a name="[6]"></a>BusFault_Handler</STRONG> (Thumb, 2 bytes, Stack size 0 bytes, arm_startup_nrf52840.o(.text))
<BR><BR>[Calls]<UL><LI><a href="#[6]">&gt;&gt;</a>&nbsp;&nbsp;&nbsp;BusFault_Handler
</UL>
<BR>[Called By]<UL><LI><a href="#[6]">&gt;&gt;</a>&nbsp;&nbsp;&nbsp;BusFault_Handler
</UL>
<BR>[Address Reference Count : 1]<UL><LI> arm_startup_nrf52840.o(RESET)
</UL>
<P><STRONG><a name="[7]"></a>UsageFault_Handler</STRONG> (Thumb, 2 bytes, Stack size 0 bytes, arm_startup_nrf52840.o(.text))
<BR><BR>[Calls]<UL><LI><a href="#[7]">&gt;&gt;</a>&nbsp;&nbsp;&nbsp;UsageFault_Handler
</UL>
<BR>[Called By]<UL><LI><a href="#[7]">&gt;&gt;</a>&nbsp;&nbsp;&nbsp;UsageFault_Handler
</UL>
<BR>[Address Reference Count : 1]<UL><LI> arm_startup_nrf52840.o(RESET)
</UL>
<P><STRONG><a name="[8]"></a>SVC_Handler</STRONG> (Thumb, 2 bytes, Stack size 0 bytes, arm_startup_nrf52840.o(.text))
<BR><BR>[Calls]<UL><LI><a href="#[8]">&gt;&gt;</a>&nbsp;&nbsp;&nbsp;SVC_Handler
</UL>
<BR>[Called By]<UL><LI><a href="#[8]">&gt;&gt;</a>&nbsp;&nbsp;&nbsp;SVC_Handler
</UL>
<BR>[Address Reference Count : 1]<UL><LI> arm_startup_nrf52840.o(RESET)
</UL>
<P><STRONG><a name="[9]"></a>DebugMon_Handler</STRONG> (Thumb, 2 bytes, Stack size 0 bytes, arm_startup_nrf52840.o(.text))
<BR><BR>[Calls]<UL><LI><a href="#[9]">&gt;&gt;</a>&nbsp;&nbsp;&nbsp;DebugMon_Handler
</UL>
<BR>[Called By]<UL><LI><a href="#[9]">&gt;&gt;</a>&nbsp;&nbsp;&nbsp;DebugMon_Handler
</UL>
<BR>[Address Reference Count : 1]<UL><LI> arm_startup_nrf52840.o(RESET)
</UL>
<P><STRONG><a name="[a]"></a>PendSV_Handler</STRONG> (Thumb, 2 bytes, Stack size 0 bytes, arm_startup_nrf52840.o(.text))
<BR><BR>[Calls]<UL><LI><a href="#[a]">&gt;&gt;</a>&nbsp;&nbsp;&nbsp;PendSV_Handler
</UL>
<BR>[Called By]<UL><LI><a href="#[a]">&gt;&gt;</a>&nbsp;&nbsp;&nbsp;PendSV_Handler
</UL>
<BR>[Address Reference Count : 1]<UL><LI> arm_startup_nrf52840.o(RESET)
</UL>
<P><STRONG><a name="[b]"></a>SysTick_Handler</STRONG> (Thumb, 2 bytes, Stack size 0 bytes, arm_startup_nrf52840.o(.text))
<BR><BR>[Calls]<UL><LI><a href="#[b]">&gt;&gt;</a>&nbsp;&nbsp;&nbsp;SysTick_Handler
</UL>
<BR>[Called By]<UL><LI><a href="#[b]">&gt;&gt;</a>&nbsp;&nbsp;&nbsp;SysTick_Handler
</UL>
<BR>[Address Reference Count : 1]<UL><LI> arm_startup_nrf52840.o(RESET)
</UL>
<P><STRONG><a name="[1b]"></a>CCM_AAR_IRQHandler</STRONG> (Thumb, 0 bytes, Stack size 0 bytes, arm_startup_nrf52840.o(.text))
<BR><BR>[Calls]<UL><LI><a href="#[1b]">&gt;&gt;</a>&nbsp;&nbsp;&nbsp;CCM_AAR_IRQHandler
</UL>
<BR>[Called By]<UL><LI><a href="#[1b]">&gt;&gt;</a>&nbsp;&nbsp;&nbsp;CCM_AAR_IRQHandler
</UL>
<BR>[Address Reference Count : 1]<UL><LI> arm_startup_nrf52840.o(RESET)
</UL>
<P><STRONG><a name="[1f]"></a>COMP_LPCOMP_IRQHandler</STRONG> (Thumb, 0 bytes, Stack size 0 bytes, arm_startup_nrf52840.o(.text))
<BR>[Address Reference Count : 1]<UL><LI> arm_startup_nrf52840.o(RESET)
</UL>
<P><STRONG><a name="[34]"></a>CRYPTOCELL_IRQHandler</STRONG> (Thumb, 0 bytes, Stack size 0 bytes, arm_startup_nrf52840.o(.text))
<BR>[Address Reference Count : 1]<UL><LI> arm_startup_nrf52840.o(RESET)
</UL>
<P><STRONG><a name="[1a]"></a>ECB_IRQHandler</STRONG> (Thumb, 0 bytes, Stack size 0 bytes, arm_startup_nrf52840.o(.text))
<BR>[Address Reference Count : 1]<UL><LI> arm_startup_nrf52840.o(RESET)
</UL>
<P><STRONG><a name="[30]"></a>FPU_IRQHandler</STRONG> (Thumb, 0 bytes, Stack size 0 bytes, arm_startup_nrf52840.o(.text))
<BR>[Address Reference Count : 1]<UL><LI> arm_startup_nrf52840.o(RESET)
</UL>
<P><STRONG><a name="[2f]"></a>I2S_IRQHandler</STRONG> (Thumb, 0 bytes, Stack size 0 bytes, arm_startup_nrf52840.o(.text))
<BR>[Address Reference Count : 1]<UL><LI> arm_startup_nrf52840.o(RESET)
</UL>
<P><STRONG><a name="[2a]"></a>MWU_IRQHandler</STRONG> (Thumb, 0 bytes, Stack size 0 bytes, arm_startup_nrf52840.o(.text))
<BR>[Address Reference Count : 1]<UL><LI> arm_startup_nrf52840.o(RESET)
</UL>
<P><STRONG><a name="[11]"></a>NFCT_IRQHandler</STRONG> (Thumb, 0 bytes, Stack size 0 bytes, arm_startup_nrf52840.o(.text))
<BR>[Address Reference Count : 1]<UL><LI> arm_startup_nrf52840.o(RESET)
</UL>
<P><STRONG><a name="[29]"></a>PDM_IRQHandler</STRONG> (Thumb, 0 bytes, Stack size 0 bytes, arm_startup_nrf52840.o(.text))
<BR>[Address Reference Count : 1]<UL><LI> arm_startup_nrf52840.o(RESET)
</UL>
<P><STRONG><a name="[28]"></a>PWM0_IRQHandler</STRONG> (Thumb, 0 bytes, Stack size 0 bytes, arm_startup_nrf52840.o(.text))
<BR>[Address Reference Count : 1]<UL><LI> arm_startup_nrf52840.o(RESET)
</UL>
<P><STRONG><a name="[2b]"></a>PWM1_IRQHandler</STRONG> (Thumb, 0 bytes, Stack size 0 bytes, arm_startup_nrf52840.o(.text))
<BR>[Address Reference Count : 1]<UL><LI> arm_startup_nrf52840.o(RESET)
</UL>
<P><STRONG><a name="[2c]"></a>PWM2_IRQHandler</STRONG> (Thumb, 0 bytes, Stack size 0 bytes, arm_startup_nrf52840.o(.text))
<BR>[Address Reference Count : 1]<UL><LI> arm_startup_nrf52840.o(RESET)
</UL>
<P><STRONG><a name="[35]"></a>PWM3_IRQHandler</STRONG> (Thumb, 0 bytes, Stack size 0 bytes, arm_startup_nrf52840.o(.text))
<BR>[Address Reference Count : 1]<UL><LI> arm_startup_nrf52840.o(RESET)
</UL>
<P><STRONG><a name="[1e]"></a>QDEC_IRQHandler</STRONG> (Thumb, 0 bytes, Stack size 0 bytes, arm_startup_nrf52840.o(.text))
<BR>[Address Reference Count : 1]<UL><LI> arm_startup_nrf52840.o(RESET)
</UL>
<P><STRONG><a name="[33]"></a>QSPI_IRQHandler</STRONG> (Thumb, 0 bytes, Stack size 0 bytes, arm_startup_nrf52840.o(.text))
<BR>[Address Reference Count : 1]<UL><LI> arm_startup_nrf52840.o(RESET)
</UL>
<P><STRONG><a name="[d]"></a>RADIO_IRQHandler</STRONG> (Thumb, 0 bytes, Stack size 0 bytes, arm_startup_nrf52840.o(.text))
<BR>[Address Reference Count : 1]<UL><LI> arm_startup_nrf52840.o(RESET)
</UL>
<P><STRONG><a name="[19]"></a>RNG_IRQHandler</STRONG> (Thumb, 0 bytes, Stack size 0 bytes, arm_startup_nrf52840.o(.text))
<BR>[Address Reference Count : 1]<UL><LI> arm_startup_nrf52840.o(RESET)
</UL>
<P><STRONG><a name="[2e]"></a>RTC2_IRQHandler</STRONG> (Thumb, 0 bytes, Stack size 0 bytes, arm_startup_nrf52840.o(.text))
<BR>[Address Reference Count : 1]<UL><LI> arm_startup_nrf52840.o(RESET)
</UL>
<P><STRONG><a name="[13]"></a>SAADC_IRQHandler</STRONG> (Thumb, 0 bytes, Stack size 0 bytes, arm_startup_nrf52840.o(.text))
<BR>[Address Reference Count : 1]<UL><LI> arm_startup_nrf52840.o(RESET)
</UL>
<P><STRONG><a name="[2d]"></a>SPIM2_SPIS2_SPI2_IRQHandler</STRONG> (Thumb, 0 bytes, Stack size 0 bytes, arm_startup_nrf52840.o(.text))
<BR>[Address Reference Count : 1]<UL><LI> arm_startup_nrf52840.o(RESET)
</UL>
<P><STRONG><a name="[36]"></a>SPIM3_IRQHandler</STRONG> (Thumb, 0 bytes, Stack size 0 bytes, arm_startup_nrf52840.o(.text))
<BR>[Address Reference Count : 1]<UL><LI> arm_startup_nrf52840.o(RESET)
</UL>
<P><STRONG><a name="[21]"></a>SWI1_EGU1_IRQHandler</STRONG> (Thumb, 0 bytes, Stack size 0 bytes, arm_startup_nrf52840.o(.text))
<BR>[Address Reference Count : 1]<UL><LI> arm_startup_nrf52840.o(RESET)
</UL>
<P><STRONG><a name="[22]"></a>SWI2_EGU2_IRQHandler</STRONG> (Thumb, 0 bytes, Stack size 0 bytes, arm_startup_nrf52840.o(.text))
<BR>[Address Reference Count : 1]<UL><LI> arm_startup_nrf52840.o(RESET)
</UL>
<P><STRONG><a name="[23]"></a>SWI3_EGU3_IRQHandler</STRONG> (Thumb, 0 bytes, Stack size 0 bytes, arm_startup_nrf52840.o(.text))
<BR>[Address Reference Count : 1]<UL><LI> arm_startup_nrf52840.o(RESET)
</UL>
<P><STRONG><a name="[24]"></a>SWI4_EGU4_IRQHandler</STRONG> (Thumb, 0 bytes, Stack size 0 bytes, arm_startup_nrf52840.o(.text))
<BR>[Address Reference Count : 1]<UL><LI> arm_startup_nrf52840.o(RESET)
</UL>
<P><STRONG><a name="[25]"></a>SWI5_EGU5_IRQHandler</STRONG> (Thumb, 0 bytes, Stack size 0 bytes, arm_startup_nrf52840.o(.text))
<BR>[Address Reference Count : 1]<UL><LI> arm_startup_nrf52840.o(RESET)
</UL>
<P><STRONG><a name="[18]"></a>TEMP_IRQHandler</STRONG> (Thumb, 0 bytes, Stack size 0 bytes, arm_startup_nrf52840.o(.text))
<BR>[Address Reference Count : 1]<UL><LI> arm_startup_nrf52840.o(RESET)
</UL>
<P><STRONG><a name="[15]"></a>TIMER1_IRQHandler</STRONG> (Thumb, 0 bytes, Stack size 0 bytes, arm_startup_nrf52840.o(.text))
<BR>[Address Reference Count : 1]<UL><LI> arm_startup_nrf52840.o(RESET)
</UL>
<P><STRONG><a name="[16]"></a>TIMER2_IRQHandler</STRONG> (Thumb, 0 bytes, Stack size 0 bytes, arm_startup_nrf52840.o(.text))
<BR>[Address Reference Count : 1]<UL><LI> arm_startup_nrf52840.o(RESET)
</UL>
<P><STRONG><a name="[26]"></a>TIMER3_IRQHandler</STRONG> (Thumb, 0 bytes, Stack size 0 bytes, arm_startup_nrf52840.o(.text))
<BR>[Address Reference Count : 1]<UL><LI> arm_startup_nrf52840.o(RESET)
</UL>
<P><STRONG><a name="[27]"></a>TIMER4_IRQHandler</STRONG> (Thumb, 0 bytes, Stack size 0 bytes, arm_startup_nrf52840.o(.text))
<BR>[Address Reference Count : 1]<UL><LI> arm_startup_nrf52840.o(RESET)
</UL>
<P><STRONG><a name="[32]"></a>UARTE1_IRQHandler</STRONG> (Thumb, 0 bytes, Stack size 0 bytes, arm_startup_nrf52840.o(.text))
<BR>[Address Reference Count : 1]<UL><LI> arm_startup_nrf52840.o(RESET)
</UL>
<P><STRONG><a name="[31]"></a>USBD_IRQHandler</STRONG> (Thumb, 0 bytes, Stack size 0 bytes, arm_startup_nrf52840.o(.text))
<BR>[Address Reference Count : 1]<UL><LI> arm_startup_nrf52840.o(RESET)
</UL>
<P><STRONG><a name="[1c]"></a>WDT_IRQHandler</STRONG> (Thumb, 0 bytes, Stack size 0 bytes, arm_startup_nrf52840.o(.text))
<BR>[Address Reference Count : 1]<UL><LI> arm_startup_nrf52840.o(RESET)
</UL>
<P><STRONG><a name="[b5]"></a>__aeabi_uldivmod</STRONG> (Thumb, 98 bytes, Stack size 40 bytes, uldiv.o(.text))
<BR><BR>[Stack]<UL><LI>Max Depth = 40<LI>Call Chain = __aeabi_uldivmod
</UL>
<BR>[Calls]<UL><LI><a href="#[b6]">&gt;&gt;</a>&nbsp;&nbsp;&nbsp;__aeabi_llsr
<LI><a href="#[b7]">&gt;&gt;</a>&nbsp;&nbsp;&nbsp;__aeabi_llsl
</UL>
<BR>[Called By]<UL><LI><a href="#[102]">&gt;&gt;</a>&nbsp;&nbsp;&nbsp;platsystickTicksToUs
<LI><a href="#[f2]">&gt;&gt;</a>&nbsp;&nbsp;&nbsp;CWM_Dml_process
<LI><a href="#[b8]">&gt;&gt;</a>&nbsp;&nbsp;&nbsp;__aeabi_ldivmod
<LI><a href="#[1e8]">&gt;&gt;</a>&nbsp;&nbsp;&nbsp;amh_dlog_index
<LI><a href="#[143]">&gt;&gt;</a>&nbsp;&nbsp;&nbsp;sys_uSleep
<LI><a href="#[13c]">&gt;&gt;</a>&nbsp;&nbsp;&nbsp;Dml_getTime_us
<LI><a href="#[139]">&gt;&gt;</a>&nbsp;&nbsp;&nbsp;Dml_SensorInput_FifoStart
<LI><a href="#[137]">&gt;&gt;</a>&nbsp;&nbsp;&nbsp;Dml_SensorInput_FifoEnd
<LI><a href="#[134]">&gt;&gt;</a>&nbsp;&nbsp;&nbsp;Dml_SensorInput
<LI><a href="#[eb]">&gt;&gt;</a>&nbsp;&nbsp;&nbsp;CWM_Dml_GetData
<LI><a href="#[ee]">&gt;&gt;</a>&nbsp;&nbsp;&nbsp;getHandleDataDt
<LI><a href="#[121]">&gt;&gt;</a>&nbsp;&nbsp;&nbsp;pif_dtCali_process
<LI><a href="#[126]">&gt;&gt;</a>&nbsp;&nbsp;&nbsp;adv_apis_sensor_report
<LI><a href="#[120]">&gt;&gt;</a>&nbsp;&nbsp;&nbsp;CWM_process_common
<LI><a href="#[1ba]">&gt;&gt;</a>&nbsp;&nbsp;&nbsp;_printf_core
<LI><a href="#[1ce]">&gt;&gt;</a>&nbsp;&nbsp;&nbsp;_fp_digits
</UL>

<P><STRONG><a name="[b8]"></a>__aeabi_ldivmod</STRONG> (Thumb, 98 bytes, Stack size 24 bytes, ldiv.o(.text))
<BR><BR>[Stack]<UL><LI>Max Depth = 64<LI>Call Chain = __aeabi_ldivmod &rArr; __aeabi_uldivmod
</UL>
<BR>[Calls]<UL><LI><a href="#[b5]">&gt;&gt;</a>&nbsp;&nbsp;&nbsp;__aeabi_uldivmod
</UL>
<BR>[Called By]<UL><LI><a href="#[108]">&gt;&gt;</a>&nbsp;&nbsp;&nbsp;CWM_Sensor_Enable_common
<LI><a href="#[e1]">&gt;&gt;</a>&nbsp;&nbsp;&nbsp;CWM_CustomSensorInput_common
<LI><a href="#[114]">&gt;&gt;</a>&nbsp;&nbsp;&nbsp;outputSclLog
</UL>

<P><STRONG><a name="[b7]"></a>__aeabi_llsl</STRONG> (Thumb, 30 bytes, Stack size 0 bytes, llshl.o(.text))
<BR><BR>[Called By]<UL><LI><a href="#[bc]">&gt;&gt;</a>&nbsp;&nbsp;&nbsp;__aeabi_dadd
<LI><a href="#[14a]">&gt;&gt;</a>&nbsp;&nbsp;&nbsp;vli_testBit
<LI><a href="#[2b0]">&gt;&gt;</a>&nbsp;&nbsp;&nbsp;vli_modMult
<LI><a href="#[b5]">&gt;&gt;</a>&nbsp;&nbsp;&nbsp;__aeabi_uldivmod
<LI><a href="#[be]">&gt;&gt;</a>&nbsp;&nbsp;&nbsp;_double_epilogue
<LI><a href="#[c9]">&gt;&gt;</a>&nbsp;&nbsp;&nbsp;__aeabi_d2ulz
</UL>

<P><STRONG><a name="[463]"></a>_ll_shift_l</STRONG> (Thumb, 0 bytes, Stack size 0 bytes, llshl.o(.text), UNUSED)

<P><STRONG><a name="[b6]"></a>__aeabi_llsr</STRONG> (Thumb, 32 bytes, Stack size 0 bytes, llushr.o(.text))
<BR><BR>[Called By]<UL><LI><a href="#[2b0]">&gt;&gt;</a>&nbsp;&nbsp;&nbsp;vli_modMult
<LI><a href="#[b5]">&gt;&gt;</a>&nbsp;&nbsp;&nbsp;__aeabi_uldivmod
<LI><a href="#[c6]">&gt;&gt;</a>&nbsp;&nbsp;&nbsp;__aeabi_d2iz
<LI><a href="#[be]">&gt;&gt;</a>&nbsp;&nbsp;&nbsp;_double_epilogue
<LI><a href="#[c9]">&gt;&gt;</a>&nbsp;&nbsp;&nbsp;__aeabi_d2ulz
</UL>

<P><STRONG><a name="[464]"></a>_ll_ushift_r</STRONG> (Thumb, 0 bytes, Stack size 0 bytes, llushr.o(.text), UNUSED)

<P><STRONG><a name="[3d4]"></a>__rt_ctype_table</STRONG> (Thumb, 4 bytes, Stack size 0 bytes, ctype_o.o(.text))
<BR><BR>[Called By]<UL><LI><a href="#[3cd]">&gt;&gt;</a>&nbsp;&nbsp;&nbsp;nrf_log_hexdump_entry_process
</UL>

<P><STRONG><a name="[11a]"></a>rand</STRONG> (Thumb, 20 bytes, Stack size 0 bytes, rand.o(.text))
<BR><BR>[Called By]<UL><LI><a href="#[3d]">&gt;&gt;</a>&nbsp;&nbsp;&nbsp;LogMaskInit
<LI><a href="#[113]">&gt;&gt;</a>&nbsp;&nbsp;&nbsp;CWM_SettingControl_common
</UL>

<P><STRONG><a name="[465]"></a>srand</STRONG> (Thumb, 6 bytes, Stack size 0 bytes, rand.o(.text), UNUSED)

<P><STRONG><a name="[107]"></a>__aeabi_memcpy</STRONG> (Thumb, 36 bytes, Stack size 0 bytes, memcpya.o(.text))
<BR><BR>[Called By]<UL><LI><a href="#[91]">&gt;&gt;</a>&nbsp;&nbsp;&nbsp;CWM_OS_i2cWrite
<LI><a href="#[393]">&gt;&gt;</a>&nbsp;&nbsp;&nbsp;memobj_op
<LI><a href="#[19c]">&gt;&gt;</a>&nbsp;&nbsp;&nbsp;_WriteNoCheck
<LI><a href="#[19d]">&gt;&gt;</a>&nbsp;&nbsp;&nbsp;_WriteBlocking
<LI><a href="#[2e3]">&gt;&gt;</a>&nbsp;&nbsp;&nbsp;verify_sec_v3
<LI><a href="#[2e1]">&gt;&gt;</a>&nbsp;&nbsp;&nbsp;make_uid_string
</UL>

<P><STRONG><a name="[d6]"></a>__aeabi_memcpy4</STRONG> (Thumb, 0 bytes, Stack size 0 bytes, memcpya.o(.text))
<BR><BR>[Called By]<UL><LI><a href="#[208]">&gt;&gt;</a>&nbsp;&nbsp;&nbsp;nrf_drv_uart_init
<LI><a href="#[106]">&gt;&gt;</a>&nbsp;&nbsp;&nbsp;nrfx_twim_rx
<LI><a href="#[206]">&gt;&gt;</a>&nbsp;&nbsp;&nbsp;app_uart_init
<LI><a href="#[280]">&gt;&gt;</a>&nbsp;&nbsp;&nbsp;uart_init
<LI><a href="#[91]">&gt;&gt;</a>&nbsp;&nbsp;&nbsp;CWM_OS_i2cWrite
<LI><a href="#[37]">&gt;&gt;</a>&nbsp;&nbsp;&nbsp;main
<LI><a href="#[3f6]">&gt;&gt;</a>&nbsp;&nbsp;&nbsp;twim_xfer
<LI><a href="#[19f]">&gt;&gt;</a>&nbsp;&nbsp;&nbsp;twim_irq_handler
<LI><a href="#[31f]">&gt;&gt;</a>&nbsp;&nbsp;&nbsp;inv_imu_init
<LI><a href="#[1a6]">&gt;&gt;</a>&nbsp;&nbsp;&nbsp;fusionSetExchange
<LI><a href="#[15e]">&gt;&gt;</a>&nbsp;&nbsp;&nbsp;fusionGetExchange
<LI><a href="#[d3]">&gt;&gt;</a>&nbsp;&nbsp;&nbsp;ActivateHeadOrien
<LI><a href="#[1a7]">&gt;&gt;</a>&nbsp;&nbsp;&nbsp;Set_Orien_Output
<LI><a href="#[2e3]">&gt;&gt;</a>&nbsp;&nbsp;&nbsp;verify_sec_v3
<LI><a href="#[220]">&gt;&gt;</a>&nbsp;&nbsp;&nbsp;base64_encode_cwm
<LI><a href="#[422]">&gt;&gt;</a>&nbsp;&nbsp;&nbsp;sha1digest
<LI><a href="#[1ab]">&gt;&gt;</a>&nbsp;&nbsp;&nbsp;hw_config_mag
<LI><a href="#[1a9]">&gt;&gt;</a>&nbsp;&nbsp;&nbsp;hw_config_accGyro
<LI><a href="#[3a]">&gt;&gt;</a>&nbsp;&nbsp;&nbsp;SettingControl
<LI><a href="#[119]">&gt;&gt;</a>&nbsp;&nbsp;&nbsp;amh_sensCali_ctrl
<LI><a href="#[170]">&gt;&gt;</a>&nbsp;&nbsp;&nbsp;mat33Inverse
<LI><a href="#[17c]">&gt;&gt;</a>&nbsp;&nbsp;&nbsp;PredictionUpdateCovP
<LI><a href="#[16a]">&gt;&gt;</a>&nbsp;&nbsp;&nbsp;MeasurementUpdate
</UL>

<P><STRONG><a name="[466]"></a>__aeabi_memcpy8</STRONG> (Thumb, 0 bytes, Stack size 0 bytes, memcpya.o(.text), UNUSED)

<P><STRONG><a name="[ba]"></a>__aeabi_memset</STRONG> (Thumb, 14 bytes, Stack size 0 bytes, memseta.o(.text))
<BR><BR>[Called By]<UL><LI><a href="#[bb]">&gt;&gt;</a>&nbsp;&nbsp;&nbsp;_memset$wrapper
<LI><a href="#[b9]">&gt;&gt;</a>&nbsp;&nbsp;&nbsp;__aeabi_memclr
<LI><a href="#[2e3]">&gt;&gt;</a>&nbsp;&nbsp;&nbsp;verify_sec_v3
</UL>

<P><STRONG><a name="[467]"></a>__aeabi_memset4</STRONG> (Thumb, 0 bytes, Stack size 0 bytes, memseta.o(.text), UNUSED)

<P><STRONG><a name="[468]"></a>__aeabi_memset8</STRONG> (Thumb, 0 bytes, Stack size 0 bytes, memseta.o(.text), UNUSED)

<P><STRONG><a name="[b9]"></a>__aeabi_memclr</STRONG> (Thumb, 4 bytes, Stack size 0 bytes, memseta.o(.text))
<BR><BR>[Calls]<UL><LI><a href="#[ba]">&gt;&gt;</a>&nbsp;&nbsp;&nbsp;__aeabi_memset
</UL>
<BR>[Called By]<UL><LI><a href="#[1dc]">&gt;&gt;</a>&nbsp;&nbsp;&nbsp;init_cwm_headset_interface
<LI><a href="#[1d8]">&gt;&gt;</a>&nbsp;&nbsp;&nbsp;init_cwm_absolute_static
<LI><a href="#[a7]">&gt;&gt;</a>&nbsp;&nbsp;&nbsp;aif_single_phase_validation_sensorEnable
<LI><a href="#[a3]">&gt;&gt;</a>&nbsp;&nbsp;&nbsp;aif_headset_interface_sensorEnable
<LI><a href="#[ab]">&gt;&gt;</a>&nbsp;&nbsp;&nbsp;aif_absolute_static_sensorEnable
<LI><a href="#[a0]">&gt;&gt;</a>&nbsp;&nbsp;&nbsp;rt1__get_uid
<LI><a href="#[2e1]">&gt;&gt;</a>&nbsp;&nbsp;&nbsp;make_uid_string
<LI><a href="#[ff]">&gt;&gt;</a>&nbsp;&nbsp;&nbsp;sys_heap1_init
<LI><a href="#[11b]">&gt;&gt;</a>&nbsp;&nbsp;&nbsp;getChipInfo
</UL>

<P><STRONG><a name="[d4]"></a>__aeabi_memclr4</STRONG> (Thumb, 0 bytes, Stack size 0 bytes, memseta.o(.text))
<BR><BR>[Called By]<UL><LI><a href="#[3ae]">&gt;&gt;</a>&nbsp;&nbsp;&nbsp;nrfx_twim_tx
<LI><a href="#[91]">&gt;&gt;</a>&nbsp;&nbsp;&nbsp;CWM_OS_i2cWrite
<LI><a href="#[fe]">&gt;&gt;</a>&nbsp;&nbsp;&nbsp;CWM_LibPreInit
<LI><a href="#[37]">&gt;&gt;</a>&nbsp;&nbsp;&nbsp;main
<LI><a href="#[3c9]">&gt;&gt;</a>&nbsp;&nbsp;&nbsp;nrf_log_backend_serial_put
<LI><a href="#[16d]">&gt;&gt;</a>&nbsp;&nbsp;&nbsp;cwmMat_ABAT
<LI><a href="#[1ac]">&gt;&gt;</a>&nbsp;&nbsp;&nbsp;StillDetectionInit
<LI><a href="#[31f]">&gt;&gt;</a>&nbsp;&nbsp;&nbsp;inv_imu_init
<LI><a href="#[73]">&gt;&gt;</a>&nbsp;&nbsp;&nbsp;inv_callback
<LI><a href="#[68]">&gt;&gt;</a>&nbsp;&nbsp;&nbsp;hw_init
<LI><a href="#[61]">&gt;&gt;</a>&nbsp;&nbsp;&nbsp;hw_init
<LI><a href="#[66]">&gt;&gt;</a>&nbsp;&nbsp;&nbsp;get_data
<LI><a href="#[5f]">&gt;&gt;</a>&nbsp;&nbsp;&nbsp;get_data
<LI><a href="#[53]">&gt;&gt;</a>&nbsp;&nbsp;&nbsp;hw_init
<LI><a href="#[55]">&gt;&gt;</a>&nbsp;&nbsp;&nbsp;hw_enable
<LI><a href="#[58]">&gt;&gt;</a>&nbsp;&nbsp;&nbsp;get_data
<LI><a href="#[25a]">&gt;&gt;</a>&nbsp;&nbsp;&nbsp;bmi2_get_sensor_data
<LI><a href="#[4c]">&gt;&gt;</a>&nbsp;&nbsp;&nbsp;hw_init
<LI><a href="#[4e]">&gt;&gt;</a>&nbsp;&nbsp;&nbsp;hw_enable
<LI><a href="#[51]">&gt;&gt;</a>&nbsp;&nbsp;&nbsp;get_data
<LI><a href="#[45]">&gt;&gt;</a>&nbsp;&nbsp;&nbsp;hw_init
<LI><a href="#[4a]">&gt;&gt;</a>&nbsp;&nbsp;&nbsp;get_data
<LI><a href="#[1dc]">&gt;&gt;</a>&nbsp;&nbsp;&nbsp;init_cwm_headset_interface
<LI><a href="#[1de]">&gt;&gt;</a>&nbsp;&nbsp;&nbsp;set_algo_config
<LI><a href="#[1df]">&gt;&gt;</a>&nbsp;&nbsp;&nbsp;hs_exchange_info
<LI><a href="#[1e3]">&gt;&gt;</a>&nbsp;&nbsp;&nbsp;init_cwm_single_phase_validation
<LI><a href="#[1e4]">&gt;&gt;</a>&nbsp;&nbsp;&nbsp;set_algo_config
<LI><a href="#[2c4]">&gt;&gt;</a>&nbsp;&nbsp;&nbsp;init_cwm_gyro_temp_calibration
<LI><a href="#[349]">&gt;&gt;</a>&nbsp;&nbsp;&nbsp;init_cwm_headset_orien
<LI><a href="#[2c7]">&gt;&gt;</a>&nbsp;&nbsp;&nbsp;cwm_sensor_fusion_init
<LI><a href="#[d7]">&gt;&gt;</a>&nbsp;&nbsp;&nbsp;Activate_resetStableDetect
<LI><a href="#[d3]">&gt;&gt;</a>&nbsp;&nbsp;&nbsp;ActivateHeadOrien
<LI><a href="#[d9]">&gt;&gt;</a>&nbsp;&nbsp;&nbsp;resetStableDetect
<LI><a href="#[14e]">&gt;&gt;</a>&nbsp;&nbsp;&nbsp;FindMedianIdx
<LI><a href="#[a8]">&gt;&gt;</a>&nbsp;&nbsp;&nbsp;aif_single_phase_validation_process
<LI><a href="#[a4]">&gt;&gt;</a>&nbsp;&nbsp;&nbsp;aif_headset_interface_process
<LI><a href="#[ac]">&gt;&gt;</a>&nbsp;&nbsp;&nbsp;aif_absolute_static_process
<LI><a href="#[1ed]">&gt;&gt;</a>&nbsp;&nbsp;&nbsp;cwm_sensor_calibration_init
<LI><a href="#[38c]">&gt;&gt;</a>&nbsp;&nbsp;&nbsp;maaInit
<LI><a href="#[2e3]">&gt;&gt;</a>&nbsp;&nbsp;&nbsp;verify_sec_v3
<LI><a href="#[422]">&gt;&gt;</a>&nbsp;&nbsp;&nbsp;sha1digest
<LI><a href="#[134]">&gt;&gt;</a>&nbsp;&nbsp;&nbsp;Dml_SensorInput
<LI><a href="#[1a8]">&gt;&gt;</a>&nbsp;&nbsp;&nbsp;hw_init_all
<LI><a href="#[331]">&gt;&gt;</a>&nbsp;&nbsp;&nbsp;hw_init_DrvHandle
<LI><a href="#[3a]">&gt;&gt;</a>&nbsp;&nbsp;&nbsp;SettingControl
<LI><a href="#[122]">&gt;&gt;</a>&nbsp;&nbsp;&nbsp;amh_sensCali_proc
<LI><a href="#[119]">&gt;&gt;</a>&nbsp;&nbsp;&nbsp;amh_sensCali_ctrl
<LI><a href="#[120]">&gt;&gt;</a>&nbsp;&nbsp;&nbsp;CWM_process_common
<LI><a href="#[10c]">&gt;&gt;</a>&nbsp;&nbsp;&nbsp;setAndReportRequestSensor
<LI><a href="#[127]">&gt;&gt;</a>&nbsp;&nbsp;&nbsp;sensorReport_hw
<LI><a href="#[184]">&gt;&gt;</a>&nbsp;&nbsp;&nbsp;QuaternionEstimatorInitToNorth
<LI><a href="#[16c]">&gt;&gt;</a>&nbsp;&nbsp;&nbsp;vector2Skew
<LI><a href="#[16e]">&gt;&gt;</a>&nbsp;&nbsp;&nbsp;makeDiagonalMatrix
<LI><a href="#[176]">&gt;&gt;</a>&nbsp;&nbsp;&nbsp;fusionCheckCovariance
<LI><a href="#[17a]">&gt;&gt;</a>&nbsp;&nbsp;&nbsp;PredictUpdate
<LI><a href="#[16a]">&gt;&gt;</a>&nbsp;&nbsp;&nbsp;MeasurementUpdate
<LI><a href="#[163]">&gt;&gt;</a>&nbsp;&nbsp;&nbsp;InitMagCount
</UL>

<P><STRONG><a name="[469]"></a>__aeabi_memclr8</STRONG> (Thumb, 0 bytes, Stack size 0 bytes, memseta.o(.text), UNUSED)

<P><STRONG><a name="[bb]"></a>_memset$wrapper</STRONG> (Thumb, 18 bytes, Stack size 8 bytes, memseta.o(.text), UNUSED)
<BR><BR>[Calls]<UL><LI><a href="#[ba]">&gt;&gt;</a>&nbsp;&nbsp;&nbsp;__aeabi_memset
</UL>

<P><STRONG><a name="[29c]"></a>strcat</STRONG> (Thumb, 24 bytes, Stack size 0 bytes, strcat.o(.text))
<BR><BR>[Called By]<UL><LI><a href="#[29b]">&gt;&gt;</a>&nbsp;&nbsp;&nbsp;getItemString
<LI><a href="#[1e9]">&gt;&gt;</a>&nbsp;&nbsp;&nbsp;dlogRaw
<LI><a href="#[299]">&gt;&gt;</a>&nbsp;&nbsp;&nbsp;conLogItems
<LI><a href="#[13f]">&gt;&gt;</a>&nbsp;&nbsp;&nbsp;dumphex
<LI><a href="#[e6]">&gt;&gt;</a>&nbsp;&nbsp;&nbsp;floatArrayM2IntString
</UL>

<P><STRONG><a name="[2e5]"></a>strncpy</STRONG> (Thumb, 24 bytes, Stack size 8 bytes, strncpy.o(.text), UNUSED)
<BR><BR>[Called By]<UL><LI><a href="#[29b]">&gt;&gt;</a>&nbsp;&nbsp;&nbsp;getItemString
</UL>

<P><STRONG><a name="[1e7]"></a>strchr</STRONG> (Thumb, 20 bytes, Stack size 0 bytes, strchr.o(.text))
<BR><BR>[Called By]<UL><LI><a href="#[133]">&gt;&gt;</a>&nbsp;&nbsp;&nbsp;algo_log
</UL>

<P><STRONG><a name="[2d4]"></a>strlen</STRONG> (Thumb, 14 bytes, Stack size 0 bytes, strlen.o(.text))
<BR><BR>[Called By]<UL><LI><a href="#[3b7]">&gt;&gt;</a>&nbsp;&nbsp;&nbsp;string_print
<LI><a href="#[1e9]">&gt;&gt;</a>&nbsp;&nbsp;&nbsp;dlogRaw
<LI><a href="#[e8]">&gt;&gt;</a>&nbsp;&nbsp;&nbsp;sys_dbgPrintf
</UL>

<P><STRONG><a name="[451]"></a>memcmp</STRONG> (Thumb, 26 bytes, Stack size 12 bytes, memcmp.o(.text))
<BR><BR>[Stack]<UL><LI>Max Depth = 12<LI>Call Chain = memcmp
</UL>
<BR>[Called By]<UL><LI><a href="#[2e4]">&gt;&gt;</a>&nbsp;&nbsp;&nbsp;verify_sec_v2
</UL>

<P><STRONG><a name="[1b8]"></a>strcpy</STRONG> (Thumb, 18 bytes, Stack size 0 bytes, strcpy.o(.text))
<BR><BR>[Called By]<UL><LI><a href="#[199]">&gt;&gt;</a>&nbsp;&nbsp;&nbsp;_DoInit
</UL>

<P><STRONG><a name="[bc]"></a>__aeabi_dadd</STRONG> (Thumb, 322 bytes, Stack size 48 bytes, dadd.o(.text), UNUSED)
<BR><BR>[Calls]<UL><LI><a href="#[b7]">&gt;&gt;</a>&nbsp;&nbsp;&nbsp;__aeabi_llsl
<LI><a href="#[bd]">&gt;&gt;</a>&nbsp;&nbsp;&nbsp;__aeabi_lasr
<LI><a href="#[bf]">&gt;&gt;</a>&nbsp;&nbsp;&nbsp;_double_round
<LI><a href="#[be]">&gt;&gt;</a>&nbsp;&nbsp;&nbsp;_double_epilogue
</UL>
<BR>[Called By]<UL><LI><a href="#[c0]">&gt;&gt;</a>&nbsp;&nbsp;&nbsp;__aeabi_dsub
<LI><a href="#[c1]">&gt;&gt;</a>&nbsp;&nbsp;&nbsp;__aeabi_drsub
<LI><a href="#[1ce]">&gt;&gt;</a>&nbsp;&nbsp;&nbsp;_fp_digits
</UL>

<P><STRONG><a name="[c0]"></a>__aeabi_dsub</STRONG> (Thumb, 6 bytes, Stack size 0 bytes, dadd.o(.text), UNUSED)
<BR><BR>[Calls]<UL><LI><a href="#[bc]">&gt;&gt;</a>&nbsp;&nbsp;&nbsp;__aeabi_dadd
</UL>

<P><STRONG><a name="[c1]"></a>__aeabi_drsub</STRONG> (Thumb, 6 bytes, Stack size 0 bytes, dadd.o(.text), UNUSED)
<BR><BR>[Calls]<UL><LI><a href="#[bc]">&gt;&gt;</a>&nbsp;&nbsp;&nbsp;__aeabi_dadd
</UL>

<P><STRONG><a name="[c2]"></a>__aeabi_dmul</STRONG> (Thumb, 228 bytes, Stack size 48 bytes, dmul.o(.text))
<BR><BR>[Stack]<UL><LI>Max Depth = 88<LI>Call Chain = __aeabi_dmul &rArr; _double_epilogue &rArr; _double_round
</UL>
<BR>[Calls]<UL><LI><a href="#[be]">&gt;&gt;</a>&nbsp;&nbsp;&nbsp;_double_epilogue
</UL>
<BR>[Called By]<UL><LI><a href="#[15f]">&gt;&gt;</a>&nbsp;&nbsp;&nbsp;GyroStillnessDetect
<LI><a href="#[1e2]">&gt;&gt;</a>&nbsp;&nbsp;&nbsp;cwm_single_phase_validation
<LI><a href="#[2a3]">&gt;&gt;</a>&nbsp;&nbsp;&nbsp;config_cwm_single_phase_validation
<LI><a href="#[192]">&gt;&gt;</a>&nbsp;&nbsp;&nbsp;RotateOrientation
<LI><a href="#[2ba]">&gt;&gt;</a>&nbsp;&nbsp;&nbsp;isGyrobufFull
<LI><a href="#[18a]">&gt;&gt;</a>&nbsp;&nbsp;&nbsp;ResetYaw
<LI><a href="#[14e]">&gt;&gt;</a>&nbsp;&nbsp;&nbsp;FindMedianIdx
<LI><a href="#[29b]">&gt;&gt;</a>&nbsp;&nbsp;&nbsp;getItemString
<LI><a href="#[1ce]">&gt;&gt;</a>&nbsp;&nbsp;&nbsp;_fp_digits
</UL>

<P><STRONG><a name="[c3]"></a>__aeabi_ddiv</STRONG> (Thumb, 222 bytes, Stack size 32 bytes, ddiv.o(.text))
<BR><BR>[Stack]<UL><LI>Max Depth = 40<LI>Call Chain = __aeabi_ddiv &rArr; _double_round
</UL>
<BR>[Calls]<UL><LI><a href="#[bf]">&gt;&gt;</a>&nbsp;&nbsp;&nbsp;_double_round
</UL>
<BR>[Called By]<UL><LI><a href="#[2a3]">&gt;&gt;</a>&nbsp;&nbsp;&nbsp;config_cwm_single_phase_validation
<LI><a href="#[1ce]">&gt;&gt;</a>&nbsp;&nbsp;&nbsp;_fp_digits
</UL>

<P><STRONG><a name="[c4]"></a>__aeabi_i2d</STRONG> (Thumb, 34 bytes, Stack size 16 bytes, dflti.o(.text), UNUSED)
<BR><BR>[Calls]<UL><LI><a href="#[be]">&gt;&gt;</a>&nbsp;&nbsp;&nbsp;_double_epilogue
</UL>
<BR>[Called By]<UL><LI><a href="#[29b]">&gt;&gt;</a>&nbsp;&nbsp;&nbsp;getItemString
</UL>

<P><STRONG><a name="[c5]"></a>__aeabi_ui2d</STRONG> (Thumb, 26 bytes, Stack size 16 bytes, dfltui.o(.text))
<BR><BR>[Stack]<UL><LI>Max Depth = 56<LI>Call Chain = __aeabi_ui2d &rArr; _double_epilogue &rArr; _double_round
</UL>
<BR>[Calls]<UL><LI><a href="#[be]">&gt;&gt;</a>&nbsp;&nbsp;&nbsp;_double_epilogue
</UL>
<BR>[Called By]<UL><LI><a href="#[1e2]">&gt;&gt;</a>&nbsp;&nbsp;&nbsp;cwm_single_phase_validation
<LI><a href="#[2a3]">&gt;&gt;</a>&nbsp;&nbsp;&nbsp;config_cwm_single_phase_validation
</UL>

<P><STRONG><a name="[c6]"></a>__aeabi_d2iz</STRONG> (Thumb, 62 bytes, Stack size 16 bytes, dfixi.o(.text))
<BR><BR>[Stack]<UL><LI>Max Depth = 16<LI>Call Chain = __aeabi_d2iz
</UL>
<BR>[Calls]<UL><LI><a href="#[b6]">&gt;&gt;</a>&nbsp;&nbsp;&nbsp;__aeabi_llsr
</UL>
<BR>[Called By]<UL><LI><a href="#[1e2]">&gt;&gt;</a>&nbsp;&nbsp;&nbsp;cwm_single_phase_validation
<LI><a href="#[2a3]">&gt;&gt;</a>&nbsp;&nbsp;&nbsp;config_cwm_single_phase_validation
<LI><a href="#[29b]">&gt;&gt;</a>&nbsp;&nbsp;&nbsp;getItemString
</UL>

<P><STRONG><a name="[db]"></a>__aeabi_f2d</STRONG> (Thumb, 38 bytes, Stack size 0 bytes, f2d.o(.text))
<BR><BR>[Called By]<UL><LI><a href="#[84]">&gt;&gt;</a>&nbsp;&nbsp;&nbsp;CWM_AP_SensorListen
<LI><a href="#[15f]">&gt;&gt;</a>&nbsp;&nbsp;&nbsp;GyroStillnessDetect
<LI><a href="#[2b7]">&gt;&gt;</a>&nbsp;&nbsp;&nbsp;gyro_temperature_update
<LI><a href="#[1e2]">&gt;&gt;</a>&nbsp;&nbsp;&nbsp;cwm_single_phase_validation
<LI><a href="#[2a3]">&gt;&gt;</a>&nbsp;&nbsp;&nbsp;config_cwm_single_phase_validation
<LI><a href="#[192]">&gt;&gt;</a>&nbsp;&nbsp;&nbsp;RotateOrientation
<LI><a href="#[193]">&gt;&gt;</a>&nbsp;&nbsp;&nbsp;updateDeviceStable
<LI><a href="#[2ba]">&gt;&gt;</a>&nbsp;&nbsp;&nbsp;isGyrobufFull
<LI><a href="#[195]">&gt;&gt;</a>&nbsp;&nbsp;&nbsp;RunHeadPrediction
<LI><a href="#[18a]">&gt;&gt;</a>&nbsp;&nbsp;&nbsp;ResetYaw
<LI><a href="#[14e]">&gt;&gt;</a>&nbsp;&nbsp;&nbsp;FindMedianIdx
<LI><a href="#[29b]">&gt;&gt;</a>&nbsp;&nbsp;&nbsp;getItemString
<LI><a href="#[184]">&gt;&gt;</a>&nbsp;&nbsp;&nbsp;QuaternionEstimatorInitToNorth
<LI><a href="#[182]">&gt;&gt;</a>&nbsp;&nbsp;&nbsp;QuaternionEstimator
<LI><a href="#[2c6]">&gt;&gt;</a>&nbsp;&nbsp;&nbsp;fusionMag
</UL>

<P><STRONG><a name="[46a]"></a>__aeabi_cdcmpeq</STRONG> (Thumb, 0 bytes, Stack size 0 bytes, cdcmple.o(.text), UNUSED)

<P><STRONG><a name="[186]"></a>__aeabi_cdcmple</STRONG> (Thumb, 48 bytes, Stack size 0 bytes, cdcmple.o(.text))
<BR><BR>[Called By]<UL><LI><a href="#[185]">&gt;&gt;</a>&nbsp;&nbsp;&nbsp;cwm_abs
<LI><a href="#[2bd]">&gt;&gt;</a>&nbsp;&nbsp;&nbsp;cwm_min
<LI><a href="#[193]">&gt;&gt;</a>&nbsp;&nbsp;&nbsp;updateDeviceStable
<LI><a href="#[29a]">&gt;&gt;</a>&nbsp;&nbsp;&nbsp;isZeroArray
<LI><a href="#[184]">&gt;&gt;</a>&nbsp;&nbsp;&nbsp;QuaternionEstimatorInitToNorth
</UL>

<P><STRONG><a name="[14f]"></a>__aeabi_cdrcmple</STRONG> (Thumb, 48 bytes, Stack size 0 bytes, cdrcmple.o(.text))
<BR><BR>[Called By]<UL><LI><a href="#[2bc]">&gt;&gt;</a>&nbsp;&nbsp;&nbsp;cwm_max
<LI><a href="#[193]">&gt;&gt;</a>&nbsp;&nbsp;&nbsp;updateDeviceStable
<LI><a href="#[195]">&gt;&gt;</a>&nbsp;&nbsp;&nbsp;RunHeadPrediction
<LI><a href="#[14e]">&gt;&gt;</a>&nbsp;&nbsp;&nbsp;FindMedianIdx
<LI><a href="#[29a]">&gt;&gt;</a>&nbsp;&nbsp;&nbsp;isZeroArray
<LI><a href="#[1ce]">&gt;&gt;</a>&nbsp;&nbsp;&nbsp;_fp_digits
</UL>

<P><STRONG><a name="[c7]"></a>__aeabi_d2f</STRONG> (Thumb, 56 bytes, Stack size 8 bytes, d2f.o(.text))
<BR><BR>[Stack]<UL><LI>Max Depth = 8<LI>Call Chain = __aeabi_d2f
</UL>
<BR>[Calls]<UL><LI><a href="#[c8]">&gt;&gt;</a>&nbsp;&nbsp;&nbsp;_float_round
</UL>
<BR>[Called By]<UL><LI><a href="#[15f]">&gt;&gt;</a>&nbsp;&nbsp;&nbsp;GyroStillnessDetect
<LI><a href="#[2b7]">&gt;&gt;</a>&nbsp;&nbsp;&nbsp;gyro_temperature_update
<LI><a href="#[1e2]">&gt;&gt;</a>&nbsp;&nbsp;&nbsp;cwm_single_phase_validation
<LI><a href="#[2a3]">&gt;&gt;</a>&nbsp;&nbsp;&nbsp;config_cwm_single_phase_validation
<LI><a href="#[192]">&gt;&gt;</a>&nbsp;&nbsp;&nbsp;RotateOrientation
<LI><a href="#[21f]">&gt;&gt;</a>&nbsp;&nbsp;&nbsp;asdInit
<LI><a href="#[2ba]">&gt;&gt;</a>&nbsp;&nbsp;&nbsp;isGyrobufFull
<LI><a href="#[18a]">&gt;&gt;</a>&nbsp;&nbsp;&nbsp;ResetYaw
</UL>

<P><STRONG><a name="[46b]"></a>__aeabi_uidiv</STRONG> (Thumb, 0 bytes, Stack size 12 bytes, uidiv.o(.text), UNUSED)

<P><STRONG><a name="[1d1]"></a>__aeabi_uidivmod</STRONG> (Thumb, 44 bytes, Stack size 12 bytes, uidiv.o(.text), UNUSED)
<BR><BR>[Called By]<UL><LI><a href="#[1ba]">&gt;&gt;</a>&nbsp;&nbsp;&nbsp;_printf_core
</UL>

<P><STRONG><a name="[bd]"></a>__aeabi_lasr</STRONG> (Thumb, 36 bytes, Stack size 0 bytes, llsshr.o(.text), UNUSED)
<BR><BR>[Called By]<UL><LI><a href="#[bc]">&gt;&gt;</a>&nbsp;&nbsp;&nbsp;__aeabi_dadd
</UL>

<P><STRONG><a name="[46c]"></a>_ll_sshift_r</STRONG> (Thumb, 0 bytes, Stack size 0 bytes, llsshr.o(.text), UNUSED)

<P><STRONG><a name="[46d]"></a>__I$use$fp</STRONG> (Thumb, 0 bytes, Stack size 0 bytes, iusefp.o(.text), UNUSED)

<P><STRONG><a name="[c8]"></a>_float_round</STRONG> (Thumb, 18 bytes, Stack size 0 bytes, fepilogue.o(.text))
<BR><BR>[Called By]<UL><LI><a href="#[c7]">&gt;&gt;</a>&nbsp;&nbsp;&nbsp;__aeabi_d2f
</UL>

<P><STRONG><a name="[46e]"></a>_float_epilogue</STRONG> (Thumb, 92 bytes, Stack size 4 bytes, fepilogue.o(.text), UNUSED)

<P><STRONG><a name="[bf]"></a>_double_round</STRONG> (Thumb, 30 bytes, Stack size 8 bytes, depilogue.o(.text))
<BR><BR>[Stack]<UL><LI>Max Depth = 8<LI>Call Chain = _double_round
</UL>
<BR>[Called By]<UL><LI><a href="#[bc]">&gt;&gt;</a>&nbsp;&nbsp;&nbsp;__aeabi_dadd
<LI><a href="#[c3]">&gt;&gt;</a>&nbsp;&nbsp;&nbsp;__aeabi_ddiv
<LI><a href="#[be]">&gt;&gt;</a>&nbsp;&nbsp;&nbsp;_double_epilogue
</UL>

<P><STRONG><a name="[be]"></a>_double_epilogue</STRONG> (Thumb, 156 bytes, Stack size 32 bytes, depilogue.o(.text))
<BR><BR>[Stack]<UL><LI>Max Depth = 40<LI>Call Chain = _double_epilogue &rArr; _double_round
</UL>
<BR>[Calls]<UL><LI><a href="#[b6]">&gt;&gt;</a>&nbsp;&nbsp;&nbsp;__aeabi_llsr
<LI><a href="#[b7]">&gt;&gt;</a>&nbsp;&nbsp;&nbsp;__aeabi_llsl
<LI><a href="#[bf]">&gt;&gt;</a>&nbsp;&nbsp;&nbsp;_double_round
</UL>
<BR>[Called By]<UL><LI><a href="#[bc]">&gt;&gt;</a>&nbsp;&nbsp;&nbsp;__aeabi_dadd
<LI><a href="#[c5]">&gt;&gt;</a>&nbsp;&nbsp;&nbsp;__aeabi_ui2d
<LI><a href="#[c4]">&gt;&gt;</a>&nbsp;&nbsp;&nbsp;__aeabi_i2d
<LI><a href="#[c2]">&gt;&gt;</a>&nbsp;&nbsp;&nbsp;__aeabi_dmul
</UL>

<P><STRONG><a name="[c9]"></a>__aeabi_d2ulz</STRONG> (Thumb, 48 bytes, Stack size 0 bytes, dfixul.o(.text), UNUSED)
<BR><BR>[Calls]<UL><LI><a href="#[b6]">&gt;&gt;</a>&nbsp;&nbsp;&nbsp;__aeabi_llsr
<LI><a href="#[b7]">&gt;&gt;</a>&nbsp;&nbsp;&nbsp;__aeabi_llsl
</UL>
<BR>[Called By]<UL><LI><a href="#[1ce]">&gt;&gt;</a>&nbsp;&nbsp;&nbsp;_fp_digits
</UL>

<P><STRONG><a name="[b4]"></a>__scatterload</STRONG> (Thumb, 28 bytes, Stack size 0 bytes, init.o(.text))
<BR><BR>[Calls]<UL><LI><a href="#[ca]">&gt;&gt;</a>&nbsp;&nbsp;&nbsp;__main_after_scatterload
</UL>
<BR>[Called By]<UL><LI><a href="#[b3]">&gt;&gt;</a>&nbsp;&nbsp;&nbsp;_main_scatterload
</UL>

<P><STRONG><a name="[46f]"></a>__scatterload_rt2</STRONG> (Thumb, 0 bytes, Stack size 0 bytes, init.o(.text), UNUSED)

<P><STRONG><a name="[470]"></a>__decompress</STRONG> (Thumb, 0 bytes, Stack size unknown bytes, __dczerorl2.o(.text), UNUSED)

<P><STRONG><a name="[471]"></a>__decompress1</STRONG> (Thumb, 86 bytes, Stack size unknown bytes, __dczerorl2.o(.text), UNUSED)

<P><STRONG><a name="[cb]"></a>AccelStillnessDetect</STRONG> (Thumb, 288 bytes, Stack size 32 bytes, cwm_stillness_detect.o(i.AccelStillnessDetect))
<BR><BR>[Stack]<UL><LI>Max Depth = 48<LI>Call Chain = AccelStillnessDetect &rArr; cwmMat_length &rArr; cwm_sqrt &rArr; __hardfp_sqrtf
</UL>
<BR>[Calls]<UL><LI><a href="#[cc]">&gt;&gt;</a>&nbsp;&nbsp;&nbsp;cwmMat_length
<LI><a href="#[ce]">&gt;&gt;</a>&nbsp;&nbsp;&nbsp;StillDetectReset
<LI><a href="#[cd]">&gt;&gt;</a>&nbsp;&nbsp;&nbsp;cwm_fabs
<LI><a href="#[d0]">&gt;&gt;</a>&nbsp;&nbsp;&nbsp;stillnessBatchCheck
<LI><a href="#[cf]">&gt;&gt;</a>&nbsp;&nbsp;&nbsp;StillnessUpdate
</UL>
<BR>[Called By]<UL><LI><a href="#[2b5]">&gt;&gt;</a>&nbsp;&nbsp;&nbsp;cwm_gyro_temp_calibration
</UL>

<P><STRONG><a name="[d7]"></a>Activate_resetStableDetect</STRONG> (Thumb, 56 bytes, Stack size 48 bytes, cwm_headset_orien.o(i.Activate_resetStableDetect))
<BR><BR>[Stack]<UL><LI>Max Depth = 352<LI>Call Chain = Activate_resetStableDetect &rArr; RunHeadCorrection &rArr; ResetYaw &rArr; __aeabi_dmul &rArr; _double_epilogue &rArr; _double_round
</UL>
<BR>[Calls]<UL><LI><a href="#[d4]">&gt;&gt;</a>&nbsp;&nbsp;&nbsp;__aeabi_memclr4
<LI><a href="#[d9]">&gt;&gt;</a>&nbsp;&nbsp;&nbsp;resetStableDetect
<LI><a href="#[d8]">&gt;&gt;</a>&nbsp;&nbsp;&nbsp;RunHeadCorrection
<LI><a href="#[da]">&gt;&gt;</a>&nbsp;&nbsp;&nbsp;Init_head_prediction
</UL>
<BR>[Called By]<UL><LI><a href="#[1e0]">&gt;&gt;</a>&nbsp;&nbsp;&nbsp;cwm_headset_fusionResetYaw
</UL>

<P><STRONG><a name="[84]"></a>CWM_AP_SensorListen</STRONG> (Thumb, 982 bytes, Stack size 264 bytes, main.o(i.CWM_AP_SensorListen))
<BR><BR>[Stack]<UL><LI>Max Depth = 808<LI>Call Chain = CWM_AP_SensorListen &rArr; CWM_Sensor_Enable &rArr; CWM_Sensor_Enable_common &rArr; setAndReportRequestSensor_byNeedHwSens &rArr; setAndReportRequestSensor &rArr; adv_apis_sensor_report &rArr; sys_dbgPrintf &rArr; vsnprintf
</UL>
<BR>[Calls]<UL><LI><a href="#[db]">&gt;&gt;</a>&nbsp;&nbsp;&nbsp;__aeabi_f2d
<LI><a href="#[de]">&gt;&gt;</a>&nbsp;&nbsp;&nbsp;CWM_Sensor_Enable
<LI><a href="#[dd]">&gt;&gt;</a>&nbsp;&nbsp;&nbsp;CWM_Sensor_Disable
<LI><a href="#[dc]">&gt;&gt;</a>&nbsp;&nbsp;&nbsp;CWM_OS_dbgPrintf
<LI><a href="#[df]">&gt;&gt;</a>&nbsp;&nbsp;&nbsp;nrf_gpio_pin_read
</UL>
<BR>[Address Reference Count : 1]<UL><LI> main.o(i.main)
</UL>
<P><STRONG><a name="[e0]"></a>CWM_CustomSensorInput</STRONG> (Thumb, 56 bytes, Stack size 24 bytes, sal_adv_apis.o(i.CWM_CustomSensorInput))
<BR><BR>[Stack]<UL><LI>Max Depth = 648<LI>Call Chain = CWM_CustomSensorInput &rArr; CWM_CustomSensorInput_common &rArr; __aeabi_ldivmod &rArr; __aeabi_uldivmod
</UL>
<BR>[Calls]<UL><LI><a href="#[e1]">&gt;&gt;</a>&nbsp;&nbsp;&nbsp;CWM_CustomSensorInput_common
</UL>
<BR>[Called By]<UL><LI><a href="#[134]">&gt;&gt;</a>&nbsp;&nbsp;&nbsp;Dml_SensorInput
</UL>

<P><STRONG><a name="[138]"></a>CWM_CustomSensorInput_Fifo_End</STRONG> (Thumb, 2 bytes, Stack size 0 bytes, sal_adv_apis.o(i.CWM_CustomSensorInput_Fifo_End))
<BR><BR>[Called By]<UL><LI><a href="#[137]">&gt;&gt;</a>&nbsp;&nbsp;&nbsp;Dml_SensorInput_FifoEnd
</UL>

<P><STRONG><a name="[330]"></a>CWM_CustomSensorInput_Fifo_Init</STRONG> (Thumb, 2 bytes, Stack size 0 bytes, sal_adv_apis.o(i.CWM_CustomSensorInput_Fifo_Init))
<BR><BR>[Called By]<UL><LI><a href="#[32d]">&gt;&gt;</a>&nbsp;&nbsp;&nbsp;hw_enable_common_post_setting
</UL>

<P><STRONG><a name="[13a]"></a>CWM_CustomSensorInput_Fifo_Start</STRONG> (Thumb, 4 bytes, Stack size 0 bytes, sal_adv_apis.o(i.CWM_CustomSensorInput_Fifo_Start))
<BR><BR>[Called By]<UL><LI><a href="#[139]">&gt;&gt;</a>&nbsp;&nbsp;&nbsp;Dml_SensorInput_FifoStart
</UL>

<P><STRONG><a name="[e1]"></a>CWM_CustomSensorInput_common</STRONG> (Thumb, 514 bytes, Stack size 560 bytes, sal_adv_apis.o(i.CWM_CustomSensorInput_common))
<BR><BR>[Stack]<UL><LI>Max Depth = 624<LI>Call Chain = CWM_CustomSensorInput_common &rArr; __aeabi_ldivmod &rArr; __aeabi_uldivmod
</UL>
<BR>[Calls]<UL><LI><a href="#[b8]">&gt;&gt;</a>&nbsp;&nbsp;&nbsp;__aeabi_ldivmod
<LI><a href="#[e8]">&gt;&gt;</a>&nbsp;&nbsp;&nbsp;sys_dbgPrintf
<LI><a href="#[e2]">&gt;&gt;</a>&nbsp;&nbsp;&nbsp;sys_GetTimeNs
<LI><a href="#[e4]">&gt;&gt;</a>&nbsp;&nbsp;&nbsp;syc_getSclLog9Opt
<LI><a href="#[e5]">&gt;&gt;</a>&nbsp;&nbsp;&nbsp;syc_getSclLog8Opt
<LI><a href="#[e3]">&gt;&gt;</a>&nbsp;&nbsp;&nbsp;syc_getFeatureLog
<LI><a href="#[e9]">&gt;&gt;</a>&nbsp;&nbsp;&nbsp;syc_getFeatureDbg
<LI><a href="#[e6]">&gt;&gt;</a>&nbsp;&nbsp;&nbsp;floatArrayM2IntString
<LI><a href="#[ea]">&gt;&gt;</a>&nbsp;&nbsp;&nbsp;adjust3AxisMode
<LI><a href="#[e7]">&gt;&gt;</a>&nbsp;&nbsp;&nbsp;__2sprintf
</UL>
<BR>[Called By]<UL><LI><a href="#[e0]">&gt;&gt;</a>&nbsp;&nbsp;&nbsp;CWM_CustomSensorInput
</UL>

<P><STRONG><a name="[eb]"></a>CWM_Dml_GetData</STRONG> (Thumb, 312 bytes, Stack size 40 bytes, dml_core.o(i.CWM_Dml_GetData))
<BR><BR>[Stack]<UL><LI>Max Depth = 104<LI>Call Chain = CWM_Dml_GetData &rArr; sys_dbgPrintf &rArr; vsnprintf
</UL>
<BR>[Calls]<UL><LI><a href="#[b5]">&gt;&gt;</a>&nbsp;&nbsp;&nbsp;__aeabi_uldivmod
<LI><a href="#[ed]">&gt;&gt;</a>&nbsp;&nbsp;&nbsp;Dml_isSkipOn
<LI><a href="#[ec]">&gt;&gt;</a>&nbsp;&nbsp;&nbsp;Dml_isMgrLogOn
<LI><a href="#[ee]">&gt;&gt;</a>&nbsp;&nbsp;&nbsp;getHandleDataDt
<LI><a href="#[e8]">&gt;&gt;</a>&nbsp;&nbsp;&nbsp;sys_dbgPrintf
<LI><a href="#[e2]">&gt;&gt;</a>&nbsp;&nbsp;&nbsp;sys_GetTimeNs
</UL>
<BR>[Called By]<UL><LI><a href="#[f2]">&gt;&gt;</a>&nbsp;&nbsp;&nbsp;CWM_Dml_process
</UL>

<P><STRONG><a name="[ef]"></a>CWM_Dml_LibInit</STRONG> (Thumb, 32 bytes, Stack size 16 bytes, dml_core.o(i.CWM_Dml_LibInit))
<BR><BR>[Stack]<UL><LI>Max Depth = 16<LI>Call Chain = CWM_Dml_LibInit
</UL>
<BR>[Calls]<UL><LI><a href="#[f1]">&gt;&gt;</a>&nbsp;&nbsp;&nbsp;Dml_ebdStr
<LI><a href="#[f0]">&gt;&gt;</a>&nbsp;&nbsp;&nbsp;CWM_RegisterLibApi
</UL>
<BR>[Called By]<UL><LI><a href="#[37]">&gt;&gt;</a>&nbsp;&nbsp;&nbsp;main
</UL>

<P><STRONG><a name="[f2]"></a>CWM_Dml_process</STRONG> (Thumb, 78 bytes, Stack size 8 bytes, dml_core.o(i.CWM_Dml_process))
<BR><BR>[Stack]<UL><LI>Max Depth = 112<LI>Call Chain = CWM_Dml_process &rArr; CWM_Dml_GetData &rArr; sys_dbgPrintf &rArr; vsnprintf
</UL>
<BR>[Calls]<UL><LI><a href="#[b5]">&gt;&gt;</a>&nbsp;&nbsp;&nbsp;__aeabi_uldivmod
<LI><a href="#[ed]">&gt;&gt;</a>&nbsp;&nbsp;&nbsp;Dml_isSkipOn
<LI><a href="#[ec]">&gt;&gt;</a>&nbsp;&nbsp;&nbsp;Dml_isMgrLogOn
<LI><a href="#[eb]">&gt;&gt;</a>&nbsp;&nbsp;&nbsp;CWM_Dml_GetData
<LI><a href="#[f3]">&gt;&gt;</a>&nbsp;&nbsp;&nbsp;procMethod_CWM_process
<LI><a href="#[e8]">&gt;&gt;</a>&nbsp;&nbsp;&nbsp;sys_dbgPrintf
<LI><a href="#[e2]">&gt;&gt;</a>&nbsp;&nbsp;&nbsp;sys_GetTimeNs
<LI><a href="#[f4]">&gt;&gt;</a>&nbsp;&nbsp;&nbsp;CWM_process
</UL>
<BR>[Called By]<UL><LI><a href="#[37]">&gt;&gt;</a>&nbsp;&nbsp;&nbsp;main
</UL>

<P><STRONG><a name="[f5]"></a>CWM_LibPostInit</STRONG> (Thumb, 62 bytes, Stack size 16 bytes, sal_adv_apis.o(i.CWM_LibPostInit))
<BR><BR>[Stack]<UL><LI>Max Depth = 88<LI>Call Chain = CWM_LibPostInit &rArr; CWM_LibPostInit_common_adv &rArr; amh_sensCali_init &rArr; cwm_sensor_calibration_init &rArr; init_cwm_gyro_temp_calibration &rArr; set_config_stillDetect
</UL>
<BR>[Calls]<UL><LI><a href="#[f8]">&gt;&gt;</a>&nbsp;&nbsp;&nbsp;proj_prepare
<LI><a href="#[f9]">&gt;&gt;</a>&nbsp;&nbsp;&nbsp;algo_LogMaskInit
<LI><a href="#[f6]">&gt;&gt;</a>&nbsp;&nbsp;&nbsp;CWM_LibPostInit_common
<LI><a href="#[f7]">&gt;&gt;</a>&nbsp;&nbsp;&nbsp;CWM_LibPostInit_common_adv
</UL>
<BR>[Called By]<UL><LI><a href="#[37]">&gt;&gt;</a>&nbsp;&nbsp;&nbsp;main
</UL>

<P><STRONG><a name="[f6]"></a>CWM_LibPostInit_common</STRONG> (Thumb, 32 bytes, Stack size 8 bytes, common_prepare.o(i.CWM_LibPostInit_common))
<BR><BR>[Stack]<UL><LI>Max Depth = 8<LI>Call Chain = CWM_LibPostInit_common
</UL>
<BR>[Calls]<UL><LI><a href="#[fa]">&gt;&gt;</a>&nbsp;&nbsp;&nbsp;getChipManager
</UL>
<BR>[Called By]<UL><LI><a href="#[f5]">&gt;&gt;</a>&nbsp;&nbsp;&nbsp;CWM_LibPostInit
</UL>

<P><STRONG><a name="[f7]"></a>CWM_LibPostInit_common_adv</STRONG> (Thumb, 34 bytes, Stack size 8 bytes, sal_adv_apis.o(i.CWM_LibPostInit_common_adv))
<BR><BR>[Stack]<UL><LI>Max Depth = 72<LI>Call Chain = CWM_LibPostInit_common_adv &rArr; amh_sensCali_init &rArr; cwm_sensor_calibration_init &rArr; init_cwm_gyro_temp_calibration &rArr; set_config_stillDetect
</UL>
<BR>[Calls]<UL><LI><a href="#[fc]">&gt;&gt;</a>&nbsp;&nbsp;&nbsp;pif_dtCali_init
<LI><a href="#[fb]">&gt;&gt;</a>&nbsp;&nbsp;&nbsp;ebdStrAmh
<LI><a href="#[fd]">&gt;&gt;</a>&nbsp;&nbsp;&nbsp;amh_sensCali_init
</UL>
<BR>[Called By]<UL><LI><a href="#[f5]">&gt;&gt;</a>&nbsp;&nbsp;&nbsp;CWM_LibPostInit
</UL>

<P><STRONG><a name="[fe]"></a>CWM_LibPreInit</STRONG> (Thumb, 64 bytes, Stack size 8 bytes, sal_adv_apis.o(i.CWM_LibPreInit))
<BR><BR>[Stack]<UL><LI>Max Depth = 32<LI>Call Chain = CWM_LibPreInit &rArr; sys_heap1_init
</UL>
<BR>[Calls]<UL><LI><a href="#[d4]">&gt;&gt;</a>&nbsp;&nbsp;&nbsp;__aeabi_memclr4
<LI><a href="#[ff]">&gt;&gt;</a>&nbsp;&nbsp;&nbsp;sys_heap1_init
</UL>
<BR>[Called By]<UL><LI><a href="#[37]">&gt;&gt;</a>&nbsp;&nbsp;&nbsp;main
</UL>

<P><STRONG><a name="[8e]"></a>CWM_OS_GetTimeNs</STRONG> (Thumb, 78 bytes, Stack size 32 bytes, board_nordic.o(i.CWM_OS_GetTimeNs))
<BR><BR>[Stack]<UL><LI>Max Depth = 96<LI>Call Chain = CWM_OS_GetTimeNs &rArr; platsystickTicksToUs &rArr; __aeabi_uldivmod
</UL>
<BR>[Calls]<UL><LI><a href="#[100]">&gt;&gt;</a>&nbsp;&nbsp;&nbsp;app_timer_cnt_get
<LI><a href="#[102]">&gt;&gt;</a>&nbsp;&nbsp;&nbsp;platsystickTicksToUs
<LI><a href="#[101]">&gt;&gt;</a>&nbsp;&nbsp;&nbsp;calcElapsedTicks
</UL>
<BR>[Address Reference Count : 1]<UL><LI> main.o(.constdata)
</UL>
<P><STRONG><a name="[8d]"></a>CWM_OS_dbgOutput</STRONG> (Thumb, 16 bytes, Stack size 8 bytes, board_nordic.o(i.CWM_OS_dbgOutput))
<BR><BR>[Stack]<UL><LI>Max Depth = 32<LI>Call Chain = CWM_OS_dbgOutput &rArr; __2printf
</UL>
<BR>[Calls]<UL><LI><a href="#[103]">&gt;&gt;</a>&nbsp;&nbsp;&nbsp;__2printf
</UL>
<BR>[Called By]<UL><LI><a href="#[dc]">&gt;&gt;</a>&nbsp;&nbsp;&nbsp;CWM_OS_dbgPrintf
</UL>
<BR>[Address Reference Count : 1]<UL><LI> main.o(.constdata)
</UL>
<P><STRONG><a name="[dc]"></a>CWM_OS_dbgPrintf</STRONG> (Thumb, 42 bytes, Stack size 32 bytes, board_nordic.o(i.CWM_OS_dbgPrintf))
<BR><BR>[Stack]<UL><LI>Max Depth = 64<LI>Call Chain = CWM_OS_dbgPrintf &rArr; CWM_OS_dbgOutput &rArr; __2printf
</UL>
<BR>[Calls]<UL><LI><a href="#[8d]">&gt;&gt;</a>&nbsp;&nbsp;&nbsp;CWM_OS_dbgOutput
<LI><a href="#[104]">&gt;&gt;</a>&nbsp;&nbsp;&nbsp;vsnprintf
</UL>
<BR>[Called By]<UL><LI><a href="#[37]">&gt;&gt;</a>&nbsp;&nbsp;&nbsp;main
<LI><a href="#[84]">&gt;&gt;</a>&nbsp;&nbsp;&nbsp;CWM_AP_SensorListen
</UL>

<P><STRONG><a name="[90]"></a>CWM_OS_i2cRead</STRONG> (Thumb, 156 bytes, Stack size 56 bytes, board_nordic.o(i.CWM_OS_i2cRead))
<BR><BR>[Stack]<UL><LI>Max Depth = 224<LI>Call Chain = CWM_OS_i2cRead &rArr; nrf_drv_twi_tx &rArr; nrfx_twim_tx &rArr; nrfx_twim_xfer &rArr; twim_xfer &rArr; xfer_completeness_check
</UL>
<BR>[Calls]<UL><LI><a href="#[106]">&gt;&gt;</a>&nbsp;&nbsp;&nbsp;nrfx_twim_rx
<LI><a href="#[105]">&gt;&gt;</a>&nbsp;&nbsp;&nbsp;nrf_drv_twi_tx
</UL>
<BR>[Called By]<UL><LI><a href="#[37]">&gt;&gt;</a>&nbsp;&nbsp;&nbsp;main
</UL>
<BR>[Address Reference Count : 1]<UL><LI> main.o(.constdata)
</UL>
<P><STRONG><a name="[91]"></a>CWM_OS_i2cWrite</STRONG> (Thumb, 114 bytes, Stack size 72 bytes, board_nordic.o(i.CWM_OS_i2cWrite))
<BR><BR>[Stack]<UL><LI>Max Depth = 240<LI>Call Chain = CWM_OS_i2cWrite &rArr; nrf_drv_twi_tx &rArr; nrfx_twim_tx &rArr; nrfx_twim_xfer &rArr; twim_xfer &rArr; xfer_completeness_check
</UL>
<BR>[Calls]<UL><LI><a href="#[105]">&gt;&gt;</a>&nbsp;&nbsp;&nbsp;nrf_drv_twi_tx
<LI><a href="#[d4]">&gt;&gt;</a>&nbsp;&nbsp;&nbsp;__aeabi_memclr4
<LI><a href="#[d6]">&gt;&gt;</a>&nbsp;&nbsp;&nbsp;__aeabi_memcpy4
<LI><a href="#[107]">&gt;&gt;</a>&nbsp;&nbsp;&nbsp;__aeabi_memcpy
</UL>
<BR>[Address Reference Count : 1]<UL><LI> main.o(.constdata)
</UL>
<P><STRONG><a name="[8f]"></a>CWM_OS_uSleep</STRONG> (Thumb, 60 bytes, Stack size 32 bytes, board_nordic.o(i.CWM_OS_uSleep))
<BR><BR>[Stack]<UL><LI>Max Depth = 32<LI>Call Chain = CWM_OS_uSleep
</UL>
<BR>[Address Reference Count : 1]<UL><LI> main.o(.constdata)
</UL>
<P><STRONG><a name="[f0]"></a>CWM_RegisterLibApi</STRONG> (Thumb, 16 bytes, Stack size 0 bytes, sal_adv_apis.o(i.CWM_RegisterLibApi))
<BR><BR>[Called By]<UL><LI><a href="#[ef]">&gt;&gt;</a>&nbsp;&nbsp;&nbsp;CWM_Dml_LibInit
</UL>

<P><STRONG><a name="[dd]"></a>CWM_Sensor_Disable</STRONG> (Thumb, 8 bytes, Stack size 0 bytes, sal_adv_apis.o(i.CWM_Sensor_Disable))
<BR><BR>[Stack]<UL><LI>Max Depth = 544<LI>Call Chain = CWM_Sensor_Disable &rArr; CWM_Sensor_Enable_common &rArr; setAndReportRequestSensor_byNeedHwSens &rArr; setAndReportRequestSensor &rArr; adv_apis_sensor_report &rArr; sys_dbgPrintf &rArr; vsnprintf
</UL>
<BR>[Calls]<UL><LI><a href="#[108]">&gt;&gt;</a>&nbsp;&nbsp;&nbsp;CWM_Sensor_Enable_common
</UL>
<BR>[Called By]<UL><LI><a href="#[84]">&gt;&gt;</a>&nbsp;&nbsp;&nbsp;CWM_AP_SensorListen
</UL>

<P><STRONG><a name="[de]"></a>CWM_Sensor_Enable</STRONG> (Thumb, 8 bytes, Stack size 0 bytes, sal_adv_apis.o(i.CWM_Sensor_Enable))
<BR><BR>[Stack]<UL><LI>Max Depth = 544<LI>Call Chain = CWM_Sensor_Enable &rArr; CWM_Sensor_Enable_common &rArr; setAndReportRequestSensor_byNeedHwSens &rArr; setAndReportRequestSensor &rArr; adv_apis_sensor_report &rArr; sys_dbgPrintf &rArr; vsnprintf
</UL>
<BR>[Calls]<UL><LI><a href="#[108]">&gt;&gt;</a>&nbsp;&nbsp;&nbsp;CWM_Sensor_Enable_common
</UL>
<BR>[Called By]<UL><LI><a href="#[37]">&gt;&gt;</a>&nbsp;&nbsp;&nbsp;main
<LI><a href="#[84]">&gt;&gt;</a>&nbsp;&nbsp;&nbsp;CWM_AP_SensorListen
</UL>

<P><STRONG><a name="[108]"></a>CWM_Sensor_Enable_common</STRONG> (Thumb, 342 bytes, Stack size 48 bytes, sal_adv_apis.o(i.CWM_Sensor_Enable_common))
<BR><BR>[Stack]<UL><LI>Max Depth = 544<LI>Call Chain = CWM_Sensor_Enable_common &rArr; setAndReportRequestSensor_byNeedHwSens &rArr; setAndReportRequestSensor &rArr; adv_apis_sensor_report &rArr; sys_dbgPrintf &rArr; vsnprintf
</UL>
<BR>[Calls]<UL><LI><a href="#[b8]">&gt;&gt;</a>&nbsp;&nbsp;&nbsp;__aeabi_ldivmod
<LI><a href="#[e8]">&gt;&gt;</a>&nbsp;&nbsp;&nbsp;sys_dbgPrintf
<LI><a href="#[e2]">&gt;&gt;</a>&nbsp;&nbsp;&nbsp;sys_GetTimeNs
<LI><a href="#[109]">&gt;&gt;</a>&nbsp;&nbsp;&nbsp;syc_isLibRunning
<LI><a href="#[e3]">&gt;&gt;</a>&nbsp;&nbsp;&nbsp;syc_getFeatureLog
<LI><a href="#[111]">&gt;&gt;</a>&nbsp;&nbsp;&nbsp;getSensorEnableState_proj
<LI><a href="#[10f]">&gt;&gt;</a>&nbsp;&nbsp;&nbsp;setAndReportRequestSensor_byNeedHwSens
<LI><a href="#[10c]">&gt;&gt;</a>&nbsp;&nbsp;&nbsp;setAndReportRequestSensor
<LI><a href="#[10b]">&gt;&gt;</a>&nbsp;&nbsp;&nbsp;getSensorEnableState_hw
<LI><a href="#[10e]">&gt;&gt;</a>&nbsp;&nbsp;&nbsp;getSensorEnableState_comm
<LI><a href="#[110]">&gt;&gt;</a>&nbsp;&nbsp;&nbsp;getSensIdAndInfo_proj
<LI><a href="#[10a]">&gt;&gt;</a>&nbsp;&nbsp;&nbsp;getSensIdAndInfo_hw
<LI><a href="#[10d]">&gt;&gt;</a>&nbsp;&nbsp;&nbsp;getSensIdAndInfo_comm
</UL>
<BR>[Called By]<UL><LI><a href="#[de]">&gt;&gt;</a>&nbsp;&nbsp;&nbsp;CWM_Sensor_Enable
<LI><a href="#[dd]">&gt;&gt;</a>&nbsp;&nbsp;&nbsp;CWM_Sensor_Disable
</UL>

<P><STRONG><a name="[392]"></a>CWM_SettingControl</STRONG> (Thumb, 6 bytes, Stack size 0 bytes, sal_adv_apis.o(i.CWM_SettingControl))
<BR><BR>[Called By]<UL><LI><a href="#[37]">&gt;&gt;</a>&nbsp;&nbsp;&nbsp;main
</UL>

<P><STRONG><a name="[11e]"></a>CWM_SettingControl_internal</STRONG> (Thumb, 6 bytes, Stack size 0 bytes, sal_adv_apis.o(i.CWM_SettingControl_internal))
[...]
</UL>
<BR>[Called By]<UL><LI><a href="#[17a]">&gt;&gt;</a>&nbsp;&nbsp;&nbsp;PredictUpdate
</UL>

<P><STRONG><a name="[18e]"></a>RodriguesRotation</STRONG> (Thumb, 138 bytes, Stack size 72 bytes, cwm_sensor_fusion.o(i.RodriguesRotation))
<BR><BR>[Stack]<UL><LI>Max Depth = 124<LI>Call Chain = RodriguesRotation &rArr; cwm_sin &rArr; __hardfp_sinf &rArr; __mathlib_rredf2
</UL>
<BR>[Calls]<UL><LI><a href="#[18c]">&gt;&gt;</a>&nbsp;&nbsp;&nbsp;cwm_sin
<LI><a href="#[18b]">&gt;&gt;</a>&nbsp;&nbsp;&nbsp;cwm_cos
<LI><a href="#[172]">&gt;&gt;</a>&nbsp;&nbsp;&nbsp;cwmMat_sub
<LI><a href="#[12d]">&gt;&gt;</a>&nbsp;&nbsp;&nbsp;cwmMat_multiply
<LI><a href="#[16f]">&gt;&gt;</a>&nbsp;&nbsp;&nbsp;cwmMat_add
<LI><a href="#[160]">&gt;&gt;</a>&nbsp;&nbsp;&nbsp;cwmMat_multiply_scalar
<LI><a href="#[16e]">&gt;&gt;</a>&nbsp;&nbsp;&nbsp;makeDiagonalMatrix
</UL>
<BR>[Called By]<UL><LI><a href="#[17d]">&gt;&gt;</a>&nbsp;&nbsp;&nbsp;gyro2Rotm
</UL>

<P><STRONG><a name="[d2]"></a>StillDetectReset</STRONG> (Thumb, 36 bytes, Stack size 0 bytes, cwm_sensor_fusion.o(i.StillDetectReset))
<BR><BR>[Called By]<UL><LI><a href="#[d1]">&gt;&gt;</a>&nbsp;&nbsp;&nbsp;AccelStillnessDetect
</UL>

<P><STRONG><a name="[1b6]"></a>ToEstimate</STRONG> (Thumb, 84 bytes, Stack size 16 bytes, cwm_sensor_fusion.o(i.ToEstimate))
<BR><BR>[Stack]<UL><LI>Max Depth = 544<LI>Call Chain = ToEstimate &rArr; QuaternionEstimator &rArr; algo_log &rArr; vsnprintf
</UL>
<BR>[Calls]<UL><LI><a href="#[184]">&gt;&gt;</a>&nbsp;&nbsp;&nbsp;QuaternionEstimatorInitToNorth
<LI><a href="#[182]">&gt;&gt;</a>&nbsp;&nbsp;&nbsp;QuaternionEstimator
</UL>
<BR>[Called By]<UL><LI><a href="#[2bb]">&gt;&gt;</a>&nbsp;&nbsp;&nbsp;cwm_sensor_fusion
<LI><a href="#[2c6]">&gt;&gt;</a>&nbsp;&nbsp;&nbsp;fusionMag
</UL>

<P><STRONG><a name="[176]"></a>fusionCheckCovariance</STRONG> (Thumb, 142 bytes, Stack size 24 bytes, cwm_sensor_fusion.o(i.fusionCheckCovariance))
<BR><BR>[Stack]<UL><LI>Max Depth = 24<LI>Call Chain = fusionCheckCovariance
</UL>
<BR>[Calls]<UL><LI><a href="#[cd]">&gt;&gt;</a>&nbsp;&nbsp;&nbsp;cwm_fabs
<LI><a href="#[d4]">&gt;&gt;</a>&nbsp;&nbsp;&nbsp;__aeabi_memclr4
</UL>
<BR>[Called By]<UL><LI><a href="#[17a]">&gt;&gt;</a>&nbsp;&nbsp;&nbsp;PredictUpdate
<LI><a href="#[16a]">&gt;&gt;</a>&nbsp;&nbsp;&nbsp;MeasurementUpdate
</UL>

<P><STRONG><a name="[2c6]"></a>fusionMag</STRONG> (Thumb, 196 bytes, Stack size 32 bytes, cwm_sensor_fusion.o(i.fusionMag))
<BR><BR>[Stack]<UL><LI>Max Depth = 576<LI>Call Chain = fusionMag &rArr; ToEstimate &rArr; QuaternionEstimator &rArr; algo_log &rArr; vsnprintf
</UL>
<BR>[Calls]<UL><LI><a href="#[db]">&gt;&gt;</a>&nbsp;&nbsp;&nbsp;__aeabi_f2d
<LI><a href="#[2e0]">&gt;&gt;</a>&nbsp;&nbsp;&nbsp;isArrayDuplicate
<LI><a href="#[133]">&gt;&gt;</a>&nbsp;&nbsp;&nbsp;algo_log
<LI><a href="#[1b6]">&gt;&gt;</a>&nbsp;&nbsp;&nbsp;ToEstimate
<LI><a href="#[16a]">&gt;&gt;</a>&nbsp;&nbsp;&nbsp;MeasurementUpdate
<LI><a href="#[131]">&gt;&gt;</a>&nbsp;&nbsp;&nbsp;CheckMagNorm
</UL>
<BR>[Called By]<UL><LI><a href="#[2bb]">&gt;&gt;</a>&nbsp;&nbsp;&nbsp;cwm_sensor_fusion
</UL>

<P><STRONG><a name="[17d]"></a>gyro2Rotm</STRONG> (Thumb, 124 bytes, Stack size 72 bytes, cwm_sensor_fusion.o(i.gyro2Rotm))
<BR><BR>[Stack]<UL><LI>Max Depth = 196<LI>Call Chain = gyro2Rotm &rArr; RodriguesRotation &rArr; cwm_sin &rArr; __hardfp_sinf &rArr; __mathlib_rredf2
</UL>
<BR>[Calls]<UL><LI><a href="#[cc]">&gt;&gt;</a>&nbsp;&nbsp;&nbsp;cwmMat_length
<LI><a href="#[160]">&gt;&gt;</a>&nbsp;&nbsp;&nbsp;cwmMat_multiply_scalar
<LI><a href="#[16c]">&gt;&gt;</a>&nbsp;&nbsp;&nbsp;vector2Skew
<LI><a href="#[18e]">&gt;&gt;</a>&nbsp;&nbsp;&nbsp;RodriguesRotation
</UL>
<BR>[Called By]<UL><LI><a href="#[17c]">&gt;&gt;</a>&nbsp;&nbsp;&nbsp;PredictionUpdateCovP
</UL>

<P><STRONG><a name="[16e]"></a>makeDiagonalMatrix</STRONG> (Thumb, 56 bytes, Stack size 24 bytes, cwm_sensor_fusion.o(i.makeDiagonalMatrix))
<BR><BR>[Stack]<UL><LI>Max Depth = 24<LI>Call Chain = makeDiagonalMatrix
</UL>
<BR>[Calls]<UL><LI><a href="#[d4]">&gt;&gt;</a>&nbsp;&nbsp;&nbsp;__aeabi_memclr4
</UL>
<BR>[Called By]<UL><LI><a href="#[2c7]">&gt;&gt;</a>&nbsp;&nbsp;&nbsp;cwm_sensor_fusion_init
<LI><a href="#[170]">&gt;&gt;</a>&nbsp;&nbsp;&nbsp;mat33Inverse
<LI><a href="#[18e]">&gt;&gt;</a>&nbsp;&nbsp;&nbsp;RodriguesRotation
<LI><a href="#[17c]">&gt;&gt;</a>&nbsp;&nbsp;&nbsp;PredictionUpdateCovP
<LI><a href="#[16a]">&gt;&gt;</a>&nbsp;&nbsp;&nbsp;MeasurementUpdate
</UL>

<P><STRONG><a name="[170]"></a>mat33Inverse</STRONG> (Thumb, 232 bytes, Stack size 152 bytes, cwm_sensor_fusion.o(i.mat33Inverse))
<BR><BR>[Stack]<UL><LI>Max Depth = 176<LI>Call Chain = mat33Inverse &rArr; makeDiagonalMatrix
</UL>
<BR>[Calls]<UL><LI><a href="#[d6]">&gt;&gt;</a>&nbsp;&nbsp;&nbsp;__aeabi_memcpy4
<LI><a href="#[16e]">&gt;&gt;</a>&nbsp;&nbsp;&nbsp;makeDiagonalMatrix
</UL>
<BR>[Called By]<UL><LI><a href="#[16a]">&gt;&gt;</a>&nbsp;&nbsp;&nbsp;MeasurementUpdate
</UL>

<P><STRONG><a name="[16c]"></a>vector2Skew</STRONG> (Thumb, 88 bytes, Stack size 16 bytes, cwm_sensor_fusion.o(i.vector2Skew))
<BR><BR>[Stack]<UL><LI>Max Depth = 16<LI>Call Chain = vector2Skew
</UL>
<BR>[Calls]<UL><LI><a href="#[d4]">&gt;&gt;</a>&nbsp;&nbsp;&nbsp;__aeabi_memclr4
</UL>
<BR>[Called By]<UL><LI><a href="#[17d]">&gt;&gt;</a>&nbsp;&nbsp;&nbsp;gyro2Rotm
<LI><a href="#[16a]">&gt;&gt;</a>&nbsp;&nbsp;&nbsp;MeasurementUpdate
</UL>

<P><STRONG><a name="[191]"></a>clamp</STRONG> (Thumb, 16 bytes, Stack size 0 bytes, cwm_fusion_utility.o(i.clamp))
<BR><BR>[Called By]<UL><LI><a href="#[183]">&gt;&gt;</a>&nbsp;&nbsp;&nbsp;RotMatToQuat
</UL>

<P><STRONG><a name="[14e]"></a>FindMedianIdx</STRONG> (Thumb, 498 bytes, Stack size 160 bytes, cwm_headset_orien.o(i.FindMedianIdx))
<BR><BR>[Stack]<UL><LI>Max Depth = 248<LI>Call Chain = FindMedianIdx &rArr; __aeabi_dmul &rArr; _double_epilogue &rArr; _double_round
</UL>
<BR>[Calls]<UL><LI><a href="#[db]">&gt;&gt;</a>&nbsp;&nbsp;&nbsp;__aeabi_f2d
<LI><a href="#[151]">&gt;&gt;</a>&nbsp;&nbsp;&nbsp;cwm_quick_sort
<LI><a href="#[152]">&gt;&gt;</a>&nbsp;&nbsp;&nbsp;cwm_find_median
<LI><a href="#[cd]">&gt;&gt;</a>&nbsp;&nbsp;&nbsp;cwm_fabs
<LI><a href="#[d4]">&gt;&gt;</a>&nbsp;&nbsp;&nbsp;__aeabi_memclr4
<LI><a href="#[150]">&gt;&gt;</a>&nbsp;&nbsp;&nbsp;GetStd
<LI><a href="#[14f]">&gt;&gt;</a>&nbsp;&nbsp;&nbsp;__aeabi_cdrcmple
<LI><a href="#[c2]">&gt;&gt;</a>&nbsp;&nbsp;&nbsp;__aeabi_dmul
</UL>
<BR>[Called By]<UL><LI><a href="#[2ba]">&gt;&gt;</a>&nbsp;&nbsp;&nbsp;isGyrobufFull
</UL>

<P><STRONG><a name="[150]"></a>GetStd</STRONG> (Thumb, 76 bytes, Stack size 0 bytes, cwm_headset_orien.o(i.GetStd))
<BR><BR>[Stack]<UL><LI>Max Depth = 16<LI>Call Chain = GetStd &rArr; cwm_sqrt &rArr; __hardfp_sqrtf
</UL>
<BR>[Calls]<UL><LI><a href="#[15a]">&gt;&gt;</a>&nbsp;&nbsp;&nbsp;cwm_sqrt
</UL>
<BR>[Called By]<UL><LI><a href="#[14e]">&gt;&gt;</a>&nbsp;&nbsp;&nbsp;FindMedianIdx
</UL>

<P><STRONG><a name="[da]"></a>Init_head_prediction</STRONG> (Thumb, 56 bytes, Stack size 12 bytes, cwm_headset_orien.o(i.Init_head_prediction))
<BR><BR>[Stack]<UL><LI>Max Depth = 12<LI>Call Chain = Init_head_prediction
</UL>
<BR>[Called By]<UL><LI><a href="#[349]">&gt;&gt;</a>&nbsp;&nbsp;&nbsp;init_cwm_headset_orien
<LI><a href="#[d5]">&gt;&gt;</a>&nbsp;&nbsp;&nbsp;cwm_headset_orien
<LI><a href="#[d7]">&gt;&gt;</a>&nbsp;&nbsp;&nbsp;Activate_resetStableDetect
</UL>

<P><STRONG><a name="[18a]"></a>ResetYaw</STRONG> (Thumb, 216 bytes, Stack size 144 bytes, cwm_headset_orien.o(i.ResetYaw))
<BR><BR>[Stack]<UL><LI>Max Depth = 232<LI>Call Chain = ResetYaw &rArr; __aeabi_dmul &rArr; _double_epilogue &rArr; _double_round
</UL>
<BR>[Calls]<UL><LI><a href="#[db]">&gt;&gt;</a>&nbsp;&nbsp;&nbsp;__aeabi_f2d
<LI><a href="#[18c]">&gt;&gt;</a>&nbsp;&nbsp;&nbsp;cwm_sin
<LI><a href="#[18b]">&gt;&gt;</a>&nbsp;&nbsp;&nbsp;cwm_cos
<LI><a href="#[c7]">&gt;&gt;</a>&nbsp;&nbsp;&nbsp;__aeabi_d2f
<LI><a href="#[16b]">&gt;&gt;</a>&nbsp;&nbsp;&nbsp;QuatToRotMat
<LI><a href="#[17f]">&gt;&gt;</a>&nbsp;&nbsp;&nbsp;RotMatToOrien
<LI><a href="#[181]">&gt;&gt;</a>&nbsp;&nbsp;&nbsp;QuaternionConjugate
<LI><a href="#[c2]">&gt;&gt;</a>&nbsp;&nbsp;&nbsp;__aeabi_dmul
<LI><a href="#[174]">&gt;&gt;</a>&nbsp;&nbsp;&nbsp;QuaternionProduct
</UL>
<BR>[Called By]<UL><LI><a href="#[d5]">&gt;&gt;</a>&nbsp;&nbsp;&nbsp;cwm_headset_orien
<LI><a href="#[d8]">&gt;&gt;</a>&nbsp;&nbsp;&nbsp;RunHeadCorrection
</UL>

<P><STRONG><a name="[18d]"></a>RingBufferMovMean</STRONG> (Thumb, 146 bytes, Stack size 40 bytes, cwm_headset_orien.o(i.RingBufferMovMean))
<BR><BR>[Stack]<UL><LI>Max Depth = 44<LI>Call Chain = RingBufferMovMean &rArr; isZeroFlt
</UL>
<BR>[Calls]<UL><LI><a href="#[132]">&gt;&gt;</a>&nbsp;&nbsp;&nbsp;isZeroFlt
</UL>
<BR>[Called By]<UL><LI><a href="#[195]">&gt;&gt;</a>&nbsp;&nbsp;&nbsp;RunHeadPrediction
</UL>

<P><STRONG><a name="[196]"></a>RingBufferPush</STRONG> (Thumb, 36 bytes, Stack size 0 bytes, cwm_headset_orien.o(i.RingBufferPush))
<BR><BR>[Called By]<UL><LI><a href="#[195]">&gt;&gt;</a>&nbsp;&nbsp;&nbsp;RunHeadPrediction
</UL>

<P><STRONG><a name="[d8]"></a>RunHeadCorrection</STRONG> (Thumb, 226 bytes, Stack size 72 bytes, cwm_headset_orien.o(i.RunHeadCorrection))
<BR><BR>[Stack]<UL><LI>Max Depth = 304<LI>Call Chain = RunHeadCorrection &rArr; ResetYaw &rArr; __aeabi_dmul &rArr; _double_epilogue &rArr; _double_round
</UL>
<BR>[Calls]<UL><LI><a href="#[15c]">&gt;&gt;</a>&nbsp;&nbsp;&nbsp;fusionGetQuat
<LI><a href="#[17e]">&gt;&gt;</a>&nbsp;&nbsp;&nbsp;QuatToOrien
<LI><a href="#[193]">&gt;&gt;</a>&nbsp;&nbsp;&nbsp;updateDeviceStable
<LI><a href="#[18a]">&gt;&gt;</a>&nbsp;&nbsp;&nbsp;ResetYaw
<LI><a href="#[194]">&gt;&gt;</a>&nbsp;&nbsp;&nbsp;cwm_sensor_fusion_set_quaternion
</UL>
<BR>[Called By]<UL><LI><a href="#[d5]">&gt;&gt;</a>&nbsp;&nbsp;&nbsp;cwm_headset_orien
<LI><a href="#[d7]">&gt;&gt;</a>&nbsp;&nbsp;&nbsp;Activate_resetStableDetect
</UL>

<P><STRONG><a name="[195]"></a>RunHeadPrediction</STRONG> (Thumb, 758 bytes, Stack size 208 bytes, cwm_headset_orien.o(i.RunHeadPrediction))
<BR><BR>[Stack]<UL><LI>Max Depth = 292<LI>Call Chain = RunHeadPrediction &rArr; RotAngleToQuat &rArr; cwm_sin &rArr; __hardfp_sinf &rArr; __mathlib_rredf2
</UL>
<BR>[Calls]<UL><LI><a href="#[db]">&gt;&gt;</a>&nbsp;&nbsp;&nbsp;__aeabi_f2d
<LI><a href="#[197]">&gt;&gt;</a>&nbsp;&nbsp;&nbsp;cwm_weightLinearFit
<LI><a href="#[185]">&gt;&gt;</a>&nbsp;&nbsp;&nbsp;cwm_abs
<LI><a href="#[160]">&gt;&gt;</a>&nbsp;&nbsp;&nbsp;cwmMat_multiply_scalar
<LI><a href="#[15c]">&gt;&gt;</a>&nbsp;&nbsp;&nbsp;fusionGetQuat
<LI><a href="#[15d]">&gt;&gt;</a>&nbsp;&nbsp;&nbsp;QuaternionToFloat
<LI><a href="#[196]">&gt;&gt;</a>&nbsp;&nbsp;&nbsp;RingBufferPush
<LI><a href="#[18d]">&gt;&gt;</a>&nbsp;&nbsp;&nbsp;RingBufferMovMean
<LI><a href="#[14f]">&gt;&gt;</a>&nbsp;&nbsp;&nbsp;__aeabi_cdrcmple
<LI><a href="#[17b]">&gt;&gt;</a>&nbsp;&nbsp;&nbsp;RotAngleToQuat
<LI><a href="#[174]">&gt;&gt;</a>&nbsp;&nbsp;&nbsp;QuaternionProduct
</UL>
<BR>[Called By]<UL><LI><a href="#[d5]">&gt;&gt;</a>&nbsp;&nbsp;&nbsp;cwm_headset_orien
</UL>

<P><STRONG><a name="[1a7]"></a>Set_Orien_Output</STRONG> (Thumb, 422 bytes, Stack size 136 bytes, cwm_headset_orien.o(i.Set_Orien_Output))
<BR><BR>[Stack]<UL><LI>Max Depth = 264<LI>Call Chain = Set_Orien_Output &rArr; QuatToOrien &rArr; RotMatToOrien &rArr; cwm_atan2 &rArr; __hardfp_atan2f
</UL>
<BR>[Calls]<UL><LI><a href="#[132]">&gt;&gt;</a>&nbsp;&nbsp;&nbsp;isZeroFlt
<LI><a href="#[18c]">&gt;&gt;</a>&nbsp;&nbsp;&nbsp;cwm_sin
<LI><a href="#[171]">&gt;&gt;</a>&nbsp;&nbsp;&nbsp;cwmMat_transpose
<LI><a href="#[172]">&gt;&gt;</a>&nbsp;&nbsp;&nbsp;cwmMat_sub
<LI><a href="#[12d]">&gt;&gt;</a>&nbsp;&nbsp;&nbsp;cwmMat_multiply
<LI><a href="#[160]">&gt;&gt;</a>&nbsp;&nbsp;&nbsp;cwmMat_multiply_scalar
<LI><a href="#[15d]">&gt;&gt;</a>&nbsp;&nbsp;&nbsp;QuaternionToFloat
<LI><a href="#[16b]">&gt;&gt;</a>&nbsp;&nbsp;&nbsp;QuatToRotMat
<LI><a href="#[17e]">&gt;&gt;</a>&nbsp;&nbsp;&nbsp;QuatToOrien
<LI><a href="#[d6]">&gt;&gt;</a>&nbsp;&nbsp;&nbsp;__aeabi_memcpy4
<LI><a href="#[180]">&gt;&gt;</a>&nbsp;&nbsp;&nbsp;QuaternionDelta
</UL>
<BR>[Called By]<UL><LI><a href="#[d5]">&gt;&gt;</a>&nbsp;&nbsp;&nbsp;cwm_headset_orien
</UL>

<P><STRONG><a name="[374]"></a>calRelation</STRONG> (Thumb, 110 bytes, Stack size 20 bytes, cwm_headset_orien.o(i.calRelation))
<BR><BR>[Stack]<UL><LI>Max Depth = 20<LI>Call Chain = calRelation
</UL>
<BR>[Called By]<UL><LI><a href="#[2ba]">&gt;&gt;</a>&nbsp;&nbsp;&nbsp;isGyrobufFull
</UL>

<P><STRONG><a name="[375]"></a>check_gyro</STRONG> (Thumb, 136 bytes, Stack size 20 bytes, cwm_headset_orien.o(i.check_gyro))
<BR><BR>[Stack]<UL><LI>Max Depth = 20<LI>Call Chain = check_gyro
</UL>
<BR>[Called By]<UL><LI><a href="#[2ba]">&gt;&gt;</a>&nbsp;&nbsp;&nbsp;isGyrobufFull
</UL>

<P><STRONG><a name="[2ba]"></a>isGyrobufFull</STRONG> (Thumb, 680 bytes, Stack size 48 bytes, cwm_headset_orien.o(i.isGyrobufFull))
<BR><BR>[Stack]<UL><LI>Max Depth = 296<LI>Call Chain = isGyrobufFull &rArr; FindMedianIdx &rArr; __aeabi_dmul &rArr; _double_epilogue &rArr; _double_round
</UL>
<BR>[Calls]<UL><LI><a href="#[db]">&gt;&gt;</a>&nbsp;&nbsp;&nbsp;__aeabi_f2d
<LI><a href="#[132]">&gt;&gt;</a>&nbsp;&nbsp;&nbsp;isZeroFlt
<LI><a href="#[c7]">&gt;&gt;</a>&nbsp;&nbsp;&nbsp;__aeabi_d2f
<LI><a href="#[cd]">&gt;&gt;</a>&nbsp;&nbsp;&nbsp;cwm_fabs
<LI><a href="#[375]">&gt;&gt;</a>&nbsp;&nbsp;&nbsp;check_gyro
<LI><a href="#[374]">&gt;&gt;</a>&nbsp;&nbsp;&nbsp;calRelation
<LI><a href="#[14e]">&gt;&gt;</a>&nbsp;&nbsp;&nbsp;FindMedianIdx
<LI><a href="#[c2]">&gt;&gt;</a>&nbsp;&nbsp;&nbsp;__aeabi_dmul
</UL>
<BR>[Called By]<UL><LI><a href="#[d5]">&gt;&gt;</a>&nbsp;&nbsp;&nbsp;cwm_headset_orien
</UL>

<P><STRONG><a name="[d9]"></a>resetStableDetect</STRONG> (Thumb, 32 bytes, Stack size 24 bytes, cwm_headset_orien.o(i.resetStableDetect))
<BR><BR>[Stack]<UL><LI>Max Depth = 24<LI>Call Chain = resetStableDetect
</UL>
<BR>[Calls]<UL><LI><a href="#[d4]">&gt;&gt;</a>&nbsp;&nbsp;&nbsp;__aeabi_memclr4
</UL>
<BR>[Called By]<UL><LI><a href="#[d7]">&gt;&gt;</a>&nbsp;&nbsp;&nbsp;Activate_resetStableDetect
<LI><a href="#[193]">&gt;&gt;</a>&nbsp;&nbsp;&nbsp;updateDeviceStable
</UL>

<P><STRONG><a name="[193]"></a>updateDeviceStable</STRONG> (Thumb, 288 bytes, Stack size 32 bytes, cwm_headset_orien.o(i.updateDeviceStable))
<BR><BR>[Stack]<UL><LI>Max Depth = 56<LI>Call Chain = updateDeviceStable &rArr; resetStableDetect
</UL>
<BR>[Calls]<UL><LI><a href="#[db]">&gt;&gt;</a>&nbsp;&nbsp;&nbsp;__aeabi_f2d
<LI><a href="#[44f]">&gt;&gt;</a>&nbsp;&nbsp;&nbsp;cwm_fmin
<LI><a href="#[44e]">&gt;&gt;</a>&nbsp;&nbsp;&nbsp;cwm_fmax
<LI><a href="#[185]">&gt;&gt;</a>&nbsp;&nbsp;&nbsp;cwm_abs
<LI><a href="#[d9]">&gt;&gt;</a>&nbsp;&nbsp;&nbsp;resetStableDetect
<LI><a href="#[14f]">&gt;&gt;</a>&nbsp;&nbsp;&nbsp;__aeabi_cdrcmple
<LI><a href="#[186]">&gt;&gt;</a>&nbsp;&nbsp;&nbsp;__aeabi_cdcmple
</UL>
<BR>[Called By]<UL><LI><a href="#[d5]">&gt;&gt;</a>&nbsp;&nbsp;&nbsp;cwm_headset_orien
<LI><a href="#[d8]">&gt;&gt;</a>&nbsp;&nbsp;&nbsp;RunHeadCorrection
</UL>

<P><STRONG><a name="[367]"></a>get_register_cache_addr</STRONG> (Thumb, 134 bytes, Stack size 0 bytes, inv_imu_transport.o(i.get_register_cache_addr))
<BR><BR>[Called By]<UL><LI><a href="#[34d]">&gt;&gt;</a>&nbsp;&nbsp;&nbsp;inv_imu_write_reg
<LI><a href="#[34c]">&gt;&gt;</a>&nbsp;&nbsp;&nbsp;inv_imu_read_reg
</UL>

<P><STRONG><a name="[366]"></a>read_mclk_reg</STRONG> (Thumb, 132 bytes, Stack size 32 bytes, inv_imu_transport.o(i.read_mclk_reg))
<BR><BR>[Stack]<UL><LI>Max Depth = 192<LI>Call Chain = read_mclk_reg &rArr; inv_imu_switch_on_mclk &rArr;  inv_imu_read_reg (Cycle)
</UL>
<BR>[Calls]<UL><LI><a href="#[34b]">&gt;&gt;</a>&nbsp;&nbsp;&nbsp;inv_imu_sleep_us
<LI><a href="#[369]">&gt;&gt;</a>&nbsp;&nbsp;&nbsp;write_sreg
<LI><a href="#[365]">&gt;&gt;</a>&nbsp;&nbsp;&nbsp;read_sreg
<LI><a href="#[35b]">&gt;&gt;</a>&nbsp;&nbsp;&nbsp;inv_imu_switch_on_mclk
<LI><a href="#[35c]">&gt;&gt;</a>&nbsp;&nbsp;&nbsp;inv_imu_switch_off_mclk
</UL>
<BR>[Called By]<UL><LI><a href="#[34c]">&gt;&gt;</a>&nbsp;&nbsp;&nbsp;inv_imu_read_reg
<LI><a href="#[35e]">&gt;&gt;</a>&nbsp;&nbsp;&nbsp;inv_imu_init_transport
</UL>

<P><STRONG><a name="[365]"></a>read_sreg</STRONG> (Thumb, 34 bytes, Stack size 16 bytes, inv_imu_transport.o(i.read_sreg))
<BR><BR>[Stack]<UL><LI>Max Depth = 16<LI>Call Chain = read_sreg
</UL>
<BR>[Called By]<UL><LI><a href="#[366]">&gt;&gt;</a>&nbsp;&nbsp;&nbsp;read_mclk_reg
<LI><a href="#[34c]">&gt;&gt;</a>&nbsp;&nbsp;&nbsp;inv_imu_read_reg
<LI><a href="#[35e]">&gt;&gt;</a>&nbsp;&nbsp;&nbsp;inv_imu_init_transport
</UL>

<P><STRONG><a name="[368]"></a>write_mclk_reg</STRONG> (Thumb, 136 bytes, Stack size 32 bytes, inv_imu_transport.o(i.write_mclk_reg))
<BR><BR>[Stack]<UL><LI>Max Depth = 104 + In Cycle
<LI>Call Chain = write_mclk_reg &rArr;  inv_imu_switch_on_mclk (Cycle)
</UL>
<BR>[Calls]<UL><LI><a href="#[34b]">&gt;&gt;</a>&nbsp;&nbsp;&nbsp;inv_imu_sleep_us
<LI><a href="#[369]">&gt;&gt;</a>&nbsp;&nbsp;&nbsp;write_sreg
<LI><a href="#[35b]">&gt;&gt;</a>&nbsp;&nbsp;&nbsp;inv_imu_switch_on_mclk
<LI><a href="#[35c]">&gt;&gt;</a>&nbsp;&nbsp;&nbsp;inv_imu_switch_off_mclk
</UL>
<BR>[Called By]<UL><LI><a href="#[34d]">&gt;&gt;</a>&nbsp;&nbsp;&nbsp;inv_imu_write_reg
</UL>

<P><STRONG><a name="[369]"></a>write_sreg</STRONG> (Thumb, 34 bytes, Stack size 16 bytes, inv_imu_transport.o(i.write_sreg))
<BR><BR>[Stack]<UL><LI>Max Depth = 16<LI>Call Chain = write_sreg
</UL>
<BR>[Called By]<UL><LI><a href="#[368]">&gt;&gt;</a>&nbsp;&nbsp;&nbsp;write_mclk_reg
<LI><a href="#[366]">&gt;&gt;</a>&nbsp;&nbsp;&nbsp;read_mclk_reg
<LI><a href="#[34d]">&gt;&gt;</a>&nbsp;&nbsp;&nbsp;inv_imu_write_reg
</UL>

<P><STRONG><a name="[1ce]"></a>_fp_digits</STRONG> (Thumb, 366 bytes, Stack size 64 bytes, printfa.o(i._fp_digits), UNUSED)
<BR><BR>[Calls]<UL><LI><a href="#[bc]">&gt;&gt;</a>&nbsp;&nbsp;&nbsp;__aeabi_dadd
<LI><a href="#[c3]">&gt;&gt;</a>&nbsp;&nbsp;&nbsp;__aeabi_ddiv
<LI><a href="#[b5]">&gt;&gt;</a>&nbsp;&nbsp;&nbsp;__aeabi_uldivmod
<LI><a href="#[14f]">&gt;&gt;</a>&nbsp;&nbsp;&nbsp;__aeabi_cdrcmple
<LI><a href="#[c2]">&gt;&gt;</a>&nbsp;&nbsp;&nbsp;__aeabi_dmul
<LI><a href="#[c9]">&gt;&gt;</a>&nbsp;&nbsp;&nbsp;__aeabi_d2ulz
</UL>
<BR>[Called By]<UL><LI><a href="#[1ba]">&gt;&gt;</a>&nbsp;&nbsp;&nbsp;_printf_core
</UL>

<P><STRONG><a name="[1ba]"></a>_printf_core</STRONG> (Thumb, 1704 bytes, Stack size 136 bytes, printfa.o(i._printf_core), UNUSED)
<BR><BR>[Calls]<UL><LI><a href="#[b5]">&gt;&gt;</a>&nbsp;&nbsp;&nbsp;__aeabi_uldivmod
<LI><a href="#[1d1]">&gt;&gt;</a>&nbsp;&nbsp;&nbsp;__aeabi_uidivmod
<LI><a href="#[1cf]">&gt;&gt;</a>&nbsp;&nbsp;&nbsp;_printf_pre_padding
<LI><a href="#[1d0]">&gt;&gt;</a>&nbsp;&nbsp;&nbsp;_printf_post_padding
<LI><a href="#[1ce]">&gt;&gt;</a>&nbsp;&nbsp;&nbsp;_fp_digits
</UL>
<BR>[Called By]<UL><LI><a href="#[1bd]">&gt;&gt;</a>&nbsp;&nbsp;&nbsp;__0vsnprintf
<LI><a href="#[1bc]">&gt;&gt;</a>&nbsp;&nbsp;&nbsp;__0sprintf
<LI><a href="#[1bb]">&gt;&gt;</a>&nbsp;&nbsp;&nbsp;__0snprintf
<LI><a href="#[1b9]">&gt;&gt;</a>&nbsp;&nbsp;&nbsp;__0printf
</UL>

<P><STRONG><a name="[1d0]"></a>_printf_post_padding</STRONG> (Thumb, 36 bytes, Stack size 24 bytes, printfa.o(i._printf_post_padding), UNUSED)
<BR><BR>[Called By]<UL><LI><a href="#[1ba]">&gt;&gt;</a>&nbsp;&nbsp;&nbsp;_printf_core
</UL>

<P><STRONG><a name="[1cf]"></a>_printf_pre_padding</STRONG> (Thumb, 46 bytes, Stack size 24 bytes, printfa.o(i._printf_pre_padding), UNUSED)
<BR><BR>[Called By]<UL><LI><a href="#[1ba]">&gt;&gt;</a>&nbsp;&nbsp;&nbsp;_printf_core
</UL>

<P><STRONG><a name="[6f]"></a>_snputc</STRONG> (Thumb, 22 bytes, Stack size 0 bytes, printfa.o(i._snputc))
<BR>[Address Reference Count : 2]<UL><LI> printfa.o(i.__0snprintf)
<LI> printfa.o(i.__0vsnprintf)
</UL>
<P><STRONG><a name="[70]"></a>_sputc</STRONG> (Thumb, 10 bytes, Stack size 0 bytes, printfa.o(i._sputc))
<BR><BR>[Called By]<UL><LI><a href="#[1bc]">&gt;&gt;</a>&nbsp;&nbsp;&nbsp;__0sprintf
</UL>
<BR>[Address Reference Count : 1]<UL><LI> printfa.o(i.__0sprintf)
</UL><P>
<H3>
Undefined Global Symbols
</H3><HR></body></html>
